[2024-02-02T16:34:00.596+0100][gc,init] CardTable entry size: 512
[2024-02-02T16:34:00.596+0100][gc     ] Using G1
[2024-02-02T16:34:00.598+0100][gc,init] Version: 21.0.2+13-LTS (release)
[2024-02-02T16:34:00.598+0100][gc,init] CPUs: 10 total, 10 available
[2024-02-02T16:34:00.598+0100][gc,init] Memory: 16384M
[2024-02-02T16:34:00.598+0100][gc,init] Large Page Support: Disabled
[2024-02-02T16:34:00.598+0100][gc,init] NUMA Support: Disabled
[2024-02-02T16:34:00.598+0100][gc,init] Compressed Oops: Enabled (Zero based)
[2024-02-02T16:34:00.598+0100][gc,init] Heap Region Size: 1M
[2024-02-02T16:34:00.598+0100][gc,init] Heap Min Capacity: 1G
[2024-02-02T16:34:00.598+0100][gc,init] Heap Initial Capacity: 1G
[2024-02-02T16:34:00.598+0100][gc,init] Heap Max Capacity: 1G
[2024-02-02T16:34:00.598+0100][gc,init] Pre-touch: Disabled
[2024-02-02T16:34:00.598+0100][gc,init] Parallel Workers: 9
[2024-02-02T16:34:00.598+0100][gc,init] Concurrent Workers: 2
[2024-02-02T16:34:00.598+0100][gc,init] Concurrent Refinement Workers: 9
[2024-02-02T16:34:00.598+0100][gc,init] Periodic GC: Disabled
[2024-02-02T16:34:00.602+0100][gc,metaspace] CDS archive(s) mapped at: [0x000000c000000000-0x000000c000ca4000-0x000000c000ca4000), size 13254656, SharedBaseAddress: 0x000000c000000000, ArchiveRelocationMode: 1.
[2024-02-02T16:34:00.602+0100][gc,metaspace] Compressed class space mapped at: 0x000000c001000000-0x000000c041000000, reserved size: 1073741824
[2024-02-02T16:34:00.602+0100][gc,metaspace] Narrow klass base: 0x000000c000000000, Narrow klass shift: 0, Narrow klass range: 0x100000000
[2024-02-02T16:34:01.309+0100][gc,start    ] GC(0) Pause Young (Normal) (G1 Evacuation Pause)
[2024-02-02T16:34:01.309+0100][gc,task     ] GC(0) Using 9 workers of 9 for evacuation
[2024-02-02T16:34:01.312+0100][gc,phases   ] GC(0)   Pre Evacuate Collection Set: 0.1ms
[2024-02-02T16:34:01.312+0100][gc,phases   ] GC(0)   Merge Heap Roots: 0.0ms
[2024-02-02T16:34:01.312+0100][gc,phases   ] GC(0)   Evacuate Collection Set: 2.2ms
[2024-02-02T16:34:01.312+0100][gc,phases   ] GC(0)   Post Evacuate Collection Set: 0.3ms
[2024-02-02T16:34:01.312+0100][gc,phases   ] GC(0)   Other: 0.2ms
[2024-02-02T16:34:01.312+0100][gc,heap     ] GC(0) Eden regions: 51->0(44)
[2024-02-02T16:34:01.312+0100][gc,heap     ] GC(0) Survivor regions: 0->7(7)
[2024-02-02T16:34:01.312+0100][gc,heap     ] GC(0) Old regions: 2->3
[2024-02-02T16:34:01.312+0100][gc,heap     ] GC(0) Humongous regions: 0->0
[2024-02-02T16:34:01.312+0100][gc,metaspace] GC(0) Metaspace: 18328K(18496K)->18328K(18496K) NonClass: 16228K(16320K)->16228K(16320K) Class: 2099K(2176K)->2099K(2176K)
[2024-02-02T16:34:01.312+0100][gc          ] GC(0) Pause Young (Normal) (G1 Evacuation Pause) 52M->8M(1024M) 3.095ms
[2024-02-02T16:34:01.312+0100][gc,cpu      ] GC(0) User=0.01s Sys=0.01s Real=0.01s
[2024-02-02T16:34:01.416+0100][gc,start    ] GC(1) Pause Young (Concurrent Start) (Metadata GC Threshold)
[2024-02-02T16:34:01.416+0100][gc,task     ] GC(1) Using 9 workers of 9 for evacuation
[2024-02-02T16:34:01.419+0100][gc,phases   ] GC(1)   Pre Evacuate Collection Set: 0.1ms
[2024-02-02T16:34:01.419+0100][gc,phases   ] GC(1)   Merge Heap Roots: 0.0ms
[2024-02-02T16:34:01.419+0100][gc,phases   ] GC(1)   Evacuate Collection Set: 1.7ms
[2024-02-02T16:34:01.419+0100][gc,phases   ] GC(1)   Post Evacuate Collection Set: 0.2ms
[2024-02-02T16:34:01.419+0100][gc,phases   ] GC(1)   Other: 0.0ms
[2024-02-02T16:34:01.419+0100][gc,heap     ] GC(1) Eden regions: 12->0(49)
[2024-02-02T16:34:01.419+0100][gc,heap     ] GC(1) Survivor regions: 7->2(7)
[2024-02-02T16:34:01.419+0100][gc,heap     ] GC(1) Old regions: 3->10
[2024-02-02T16:34:01.419+0100][gc,heap     ] GC(1) Humongous regions: 0->0
[2024-02-02T16:34:01.419+0100][gc,metaspace] GC(1) Metaspace: 21256K(21504K)->21256K(21504K) NonClass: 18773K(18880K)->18773K(18880K) Class: 2483K(2624K)->2483K(2624K)
[2024-02-02T16:34:01.419+0100][gc          ] GC(1) Pause Young (Concurrent Start) (Metadata GC Threshold) 19M->9M(1024M) 2.297ms
[2024-02-02T16:34:01.419+0100][gc          ] GC(2) Concurrent Mark Cycle
[2024-02-02T16:34:01.419+0100][gc,cpu      ] GC(1) User=0.01s Sys=0.00s Real=0.00s
[2024-02-02T16:34:01.419+0100][gc,marking  ] GC(2) Concurrent Scan Root Regions
[2024-02-02T16:34:01.420+0100][gc,marking  ] GC(2) Concurrent Scan Root Regions 1.426ms
[2024-02-02T16:34:01.420+0100][gc,marking  ] GC(2) Concurrent Mark
[2024-02-02T16:34:01.420+0100][gc,marking  ] GC(2) Concurrent Mark From Roots
[2024-02-02T16:34:01.420+0100][gc,task     ] GC(2) Using 2 workers of 2 for marking
[2024-02-02T16:34:01.421+0100][gc,marking  ] GC(2) Concurrent Mark From Roots 1.077ms
[2024-02-02T16:34:01.421+0100][gc,marking  ] GC(2) Concurrent Preclean
[2024-02-02T16:34:01.421+0100][gc,marking  ] GC(2) Concurrent Preclean 0.006ms
[2024-02-02T16:34:01.421+0100][gc,start    ] GC(2) Pause Remark
[2024-02-02T16:34:01.422+0100][gc          ] GC(2) Pause Remark 10M->10M(1024M) 0.992ms
[2024-02-02T16:34:01.422+0100][gc,cpu      ] GC(2) User=0.01s Sys=0.00s Real=0.00s
[2024-02-02T16:34:01.422+0100][gc,marking  ] GC(2) Concurrent Mark 2.218ms
[2024-02-02T16:34:01.422+0100][gc,marking  ] GC(2) Concurrent Rebuild Remembered Sets and Scrub Regions
[2024-02-02T16:34:01.424+0100][gc,marking  ] GC(2) Concurrent Rebuild Remembered Sets and Scrub Regions 1.458ms
[2024-02-02T16:34:01.424+0100][gc,start    ] GC(2) Pause Cleanup
[2024-02-02T16:34:01.424+0100][gc          ] GC(2) Pause Cleanup 11M->11M(1024M) 0.101ms
[2024-02-02T16:34:01.424+0100][gc,cpu      ] GC(2) User=0.00s Sys=0.00s Real=0.00s
[2024-02-02T16:34:01.424+0100][gc,marking  ] GC(2) Concurrent Clear Claimed Marks
[2024-02-02T16:34:01.424+0100][gc,marking  ] GC(2) Concurrent Clear Claimed Marks 0.015ms
[2024-02-02T16:34:01.424+0100][gc,marking  ] GC(2) Concurrent Cleanup for Next Mark
[2024-02-02T16:34:01.426+0100][gc,marking  ] GC(2) Concurrent Cleanup for Next Mark 1.451ms
[2024-02-02T16:34:01.426+0100][gc          ] GC(2) Concurrent Mark Cycle 6.842ms
[2024-02-02T16:34:02.115+0100][gc,start    ] GC(3) Pause Young (Prepare Mixed) (G1 Evacuation Pause)
[2024-02-02T16:34:02.115+0100][gc,task     ] GC(3) Using 9 workers of 9 for evacuation
[2024-02-02T16:34:02.117+0100][gc,phases   ] GC(3)   Pre Evacuate Collection Set: 0.2ms
[2024-02-02T16:34:02.117+0100][gc,phases   ] GC(3)   Merge Heap Roots: 0.0ms
[2024-02-02T16:34:02.117+0100][gc,phases   ] GC(3)   Evacuate Collection Set: 1.6ms
[2024-02-02T16:34:02.117+0100][gc,phases   ] GC(3)   Post Evacuate Collection Set: 0.2ms
[2024-02-02T16:34:02.117+0100][gc,phases   ] GC(3)   Other: 0.0ms
[2024-02-02T16:34:02.117+0100][gc,heap     ] GC(3) Eden regions: 49->0(45)
[2024-02-02T16:34:02.117+0100][gc,heap     ] GC(3) Survivor regions: 2->6(7)
[2024-02-02T16:34:02.117+0100][gc,heap     ] GC(3) Old regions: 10->10
[2024-02-02T16:34:02.117+0100][gc,heap     ] GC(3) Humongous regions: 129->129
[2024-02-02T16:34:02.117+0100][gc,metaspace] GC(3) Metaspace: 30865K(31232K)->30865K(31232K) NonClass: 27424K(27648K)->27424K(27648K) Class: 3441K(3584K)->3441K(3584K)
[2024-02-02T16:34:02.117+0100][gc          ] GC(3) Pause Young (Prepare Mixed) (G1 Evacuation Pause) 187M->143M(1024M) 2.190ms
[2024-02-02T16:34:02.117+0100][gc,cpu      ] GC(3) User=0.01s Sys=0.00s Real=0.00s
[2024-02-02T16:34:02.755+0100][gc,heap,exit] Heap
[2024-02-02T16:34:02.755+0100][gc,heap,exit]  garbage-first heap   total 1048576K, used 158100K [0x00000007c0000000, 0x0000000800000000)
[2024-02-02T16:34:02.755+0100][gc,heap,exit]   region size 1024K, 17 young (17408K), 6 survivors (6144K)
[2024-02-02T16:34:02.755+0100][gc,heap,exit]  Metaspace       used 32220K, committed 32512K, reserved 1114112K
[2024-02-02T16:34:02.755+0100][gc,heap,exit]   class space    used 3664K, committed 3776K, reserved 1048576K
