[2024-02-02T15:53:28.750+0100][gc,init] CardTable entry size: 512
[2024-02-02T15:53:28.750+0100][gc     ] Using G1
[2024-02-02T15:53:28.752+0100][gc,init] Version: 21.0.2+13-LTS (release)
[2024-02-02T15:53:28.752+0100][gc,init] CPUs: 10 total, 10 available
[2024-02-02T15:53:28.752+0100][gc,init] Memory: 16384M
[2024-02-02T15:53:28.752+0100][gc,init] Large Page Support: Disabled
[2024-02-02T15:53:28.752+0100][gc,init] NUMA Support: Disabled
[2024-02-02T15:53:28.752+0100][gc,init] Compressed Oops: Enabled (Zero based)
[2024-02-02T15:53:28.752+0100][gc,init] Heap Region Size: 1M
[2024-02-02T15:53:28.752+0100][gc,init] Heap Min Capacity: 1G
[2024-02-02T15:53:28.752+0100][gc,init] Heap Initial Capacity: 1G
[2024-02-02T15:53:28.752+0100][gc,init] Heap Max Capacity: 1G
[2024-02-02T15:53:28.752+0100][gc,init] Pre-touch: Disabled
[2024-02-02T15:53:28.752+0100][gc,init] Parallel Workers: 9
[2024-02-02T15:53:28.752+0100][gc,init] Concurrent Workers: 2
[2024-02-02T15:53:28.752+0100][gc,init] Concurrent Refinement Workers: 9
[2024-02-02T15:53:28.752+0100][gc,init] Periodic GC: Disabled
[2024-02-02T15:53:28.756+0100][gc,metaspace] CDS archive(s) mapped at: [0x0000008800000000-0x0000008800ca4000-0x0000008800ca4000), size 13254656, SharedBaseAddress: 0x0000008800000000, ArchiveRelocationMode: 1.
[2024-02-02T15:53:28.756+0100][gc,metaspace] Compressed class space mapped at: 0x0000008801000000-0x0000008841000000, reserved size: 1073741824
[2024-02-02T15:53:28.756+0100][gc,metaspace] Narrow klass base: 0x0000008800000000, Narrow klass shift: 0, Narrow klass range: 0x100000000
[2024-02-02T15:53:29.492+0100][gc,start    ] GC(0) Pause Young (Normal) (G1 Evacuation Pause)
[2024-02-02T15:53:29.492+0100][gc,task     ] GC(0) Using 9 workers of 9 for evacuation
[2024-02-02T15:53:29.495+0100][gc,phases   ] GC(0)   Pre Evacuate Collection Set: 0.1ms
[2024-02-02T15:53:29.495+0100][gc,phases   ] GC(0)   Merge Heap Roots: 0.1ms
[2024-02-02T15:53:29.495+0100][gc,phases   ] GC(0)   Evacuate Collection Set: 2.3ms
[2024-02-02T15:53:29.495+0100][gc,phases   ] GC(0)   Post Evacuate Collection Set: 0.3ms
[2024-02-02T15:53:29.495+0100][gc,phases   ] GC(0)   Other: 0.2ms
[2024-02-02T15:53:29.495+0100][gc,heap     ] GC(0) Eden regions: 51->0(44)
[2024-02-02T15:53:29.495+0100][gc,heap     ] GC(0) Survivor regions: 0->7(7)
[2024-02-02T15:53:29.495+0100][gc,heap     ] GC(0) Old regions: 2->3
[2024-02-02T15:53:29.495+0100][gc,heap     ] GC(0) Humongous regions: 0->0
[2024-02-02T15:53:29.495+0100][gc,metaspace] GC(0) Metaspace: 18327K(18496K)->18327K(18496K) NonClass: 16228K(16320K)->16228K(16320K) Class: 2098K(2176K)->2098K(2176K)
[2024-02-02T15:53:29.495+0100][gc          ] GC(0) Pause Young (Normal) (G1 Evacuation Pause) 52M->8M(1024M) 3.292ms
[2024-02-02T15:53:29.495+0100][gc,cpu      ] GC(0) User=0.02s Sys=0.00s Real=0.00s
[2024-02-02T15:53:29.601+0100][gc,start    ] GC(1) Pause Young (Concurrent Start) (Metadata GC Threshold)
[2024-02-02T15:53:29.601+0100][gc,task     ] GC(1) Using 9 workers of 9 for evacuation
[2024-02-02T15:53:29.603+0100][gc,phases   ] GC(1)   Pre Evacuate Collection Set: 0.1ms
[2024-02-02T15:53:29.603+0100][gc,phases   ] GC(1)   Merge Heap Roots: 0.0ms
[2024-02-02T15:53:29.603+0100][gc,phases   ] GC(1)   Evacuate Collection Set: 1.9ms
[2024-02-02T15:53:29.603+0100][gc,phases   ] GC(1)   Post Evacuate Collection Set: 0.2ms
[2024-02-02T15:53:29.603+0100][gc,phases   ] GC(1)   Other: 0.0ms
[2024-02-02T15:53:29.603+0100][gc,heap     ] GC(1) Eden regions: 12->0(49)
[2024-02-02T15:53:29.603+0100][gc,heap     ] GC(1) Survivor regions: 7->2(7)
[2024-02-02T15:53:29.603+0100][gc,heap     ] GC(1) Old regions: 3->10
[2024-02-02T15:53:29.603+0100][gc,heap     ] GC(1) Humongous regions: 0->0
[2024-02-02T15:53:29.603+0100][gc,metaspace] GC(1) Metaspace: 21271K(21504K)->21271K(21504K) NonClass: 18784K(18880K)->18784K(18880K) Class: 2486K(2624K)->2486K(2624K)
[2024-02-02T15:53:29.603+0100][gc          ] GC(1) Pause Young (Concurrent Start) (Metadata GC Threshold) 19M->9M(1024M) 2.451ms
[2024-02-02T15:53:29.603+0100][gc,cpu      ] GC(1) User=0.01s Sys=0.00s Real=0.00s
[2024-02-02T15:53:29.603+0100][gc          ] GC(2) Concurrent Mark Cycle
[2024-02-02T15:53:29.603+0100][gc,marking  ] GC(2) Concurrent Scan Root Regions
[2024-02-02T15:53:29.605+0100][gc,marking  ] GC(2) Concurrent Scan Root Regions 1.468ms
[2024-02-02T15:53:29.605+0100][gc,marking  ] GC(2) Concurrent Mark
[2024-02-02T15:53:29.605+0100][gc,marking  ] GC(2) Concurrent Mark From Roots
[2024-02-02T15:53:29.605+0100][gc,task     ] GC(2) Using 2 workers of 2 for marking
[2024-02-02T15:53:29.606+0100][gc,marking  ] GC(2) Concurrent Mark From Roots 1.174ms
[2024-02-02T15:53:29.606+0100][gc,marking  ] GC(2) Concurrent Preclean
[2024-02-02T15:53:29.606+0100][gc,marking  ] GC(2) Concurrent Preclean 0.007ms
[2024-02-02T15:53:29.606+0100][gc,start    ] GC(2) Pause Remark
[2024-02-02T15:53:29.607+0100][gc          ] GC(2) Pause Remark 10M->10M(1024M) 1.039ms
[2024-02-02T15:53:29.607+0100][gc,cpu      ] GC(2) User=0.00s Sys=0.00s Real=0.00s
[2024-02-02T15:53:29.607+0100][gc,marking  ] GC(2) Concurrent Mark 2.457ms
[2024-02-02T15:53:29.607+0100][gc,marking  ] GC(2) Concurrent Rebuild Remembered Sets and Scrub Regions
[2024-02-02T15:53:29.609+0100][gc,marking  ] GC(2) Concurrent Rebuild Remembered Sets and Scrub Regions 1.436ms
[2024-02-02T15:53:29.609+0100][gc,start    ] GC(2) Pause Cleanup
[2024-02-02T15:53:29.609+0100][gc          ] GC(2) Pause Cleanup 11M->11M(1024M) 0.074ms
[2024-02-02T15:53:29.609+0100][gc,cpu      ] GC(2) User=0.00s Sys=0.00s Real=0.00s
[2024-02-02T15:53:29.609+0100][gc,marking  ] GC(2) Concurrent Clear Claimed Marks
[2024-02-02T15:53:29.609+0100][gc,marking  ] GC(2) Concurrent Clear Claimed Marks 0.035ms
[2024-02-02T15:53:29.609+0100][gc,marking  ] GC(2) Concurrent Cleanup for Next Mark
[2024-02-02T15:53:29.610+0100][gc,marking  ] GC(2) Concurrent Cleanup for Next Mark 1.467ms
[2024-02-02T15:53:29.610+0100][gc          ] GC(2) Concurrent Mark Cycle 7.170ms
[2024-02-02T15:53:30.310+0100][gc,start    ] GC(3) Pause Young (Prepare Mixed) (G1 Evacuation Pause)
[2024-02-02T15:53:30.310+0100][gc,task     ] GC(3) Using 9 workers of 9 for evacuation
[2024-02-02T15:53:30.312+0100][gc,phases   ] GC(3)   Pre Evacuate Collection Set: 0.1ms
[2024-02-02T15:53:30.312+0100][gc,phases   ] GC(3)   Merge Heap Roots: 0.1ms
[2024-02-02T15:53:30.312+0100][gc,phases   ] GC(3)   Evacuate Collection Set: 1.6ms
[2024-02-02T15:53:30.312+0100][gc,phases   ] GC(3)   Post Evacuate Collection Set: 0.3ms
[2024-02-02T15:53:30.312+0100][gc,phases   ] GC(3)   Other: 0.0ms
[2024-02-02T15:53:30.312+0100][gc,heap     ] GC(3) Eden regions: 49->0(45)
[2024-02-02T15:53:30.312+0100][gc,heap     ] GC(3) Survivor regions: 2->6(7)
[2024-02-02T15:53:30.312+0100][gc,heap     ] GC(3) Old regions: 10->10
[2024-02-02T15:53:30.312+0100][gc,heap     ] GC(3) Humongous regions: 129->129
[2024-02-02T15:53:30.312+0100][gc,metaspace] GC(3) Metaspace: 30807K(31104K)->30807K(31104K) NonClass: 27376K(27520K)->27376K(27520K) Class: 3431K(3584K)->3431K(3584K)
[2024-02-02T15:53:30.312+0100][gc          ] GC(3) Pause Young (Prepare Mixed) (G1 Evacuation Pause) 187M->143M(1024M) 2.288ms
[2024-02-02T15:53:30.312+0100][gc,cpu      ] GC(3) User=0.02s Sys=0.01s Real=0.00s
[2024-02-02T15:53:30.914+0100][gc,heap,exit] Heap
[2024-02-02T15:53:30.914+0100][gc,heap,exit]  garbage-first heap   total 1048576K, used 157914K [0x00000007c0000000, 0x0000000800000000)
[2024-02-02T15:53:30.914+0100][gc,heap,exit]   region size 1024K, 17 young (17408K), 6 survivors (6144K)
[2024-02-02T15:53:30.914+0100][gc,heap,exit]  Metaspace       used 32195K, committed 32512K, reserved 1114112K
[2024-02-02T15:53:30.914+0100][gc,heap,exit]   class space    used 3663K, committed 3776K, reserved 1048576K
