[2024-02-07T12:01:51.192+0100][gc,init] CardTable entry size: 512
[2024-02-07T12:01:51.192+0100][gc     ] Using G1
[2024-02-07T12:01:51.194+0100][gc,init] Version: 21.0.2+13-LTS (release)
[2024-02-07T12:01:51.194+0100][gc,init] CPUs: 10 total, 10 available
[2024-02-07T12:01:51.194+0100][gc,init] Memory: 16384M
[2024-02-07T12:01:51.194+0100][gc,init] Large Page Support: Disabled
[2024-02-07T12:01:51.194+0100][gc,init] NUMA Support: Disabled
[2024-02-07T12:01:51.194+0100][gc,init] Compressed Oops: Enabled (Zero based)
[2024-02-07T12:01:51.194+0100][gc,init] Heap Region Size: 1M
[2024-02-07T12:01:51.194+0100][gc,init] Heap Min Capacity: 1G
[2024-02-07T12:01:51.194+0100][gc,init] Heap Initial Capacity: 1G
[2024-02-07T12:01:51.194+0100][gc,init] Heap Max Capacity: 1G
[2024-02-07T12:01:51.194+0100][gc,init] Pre-touch: Disabled
[2024-02-07T12:01:51.194+0100][gc,init] Parallel Workers: 9
[2024-02-07T12:01:51.194+0100][gc,init] Concurrent Workers: 2
[2024-02-07T12:01:51.194+0100][gc,init] Concurrent Refinement Workers: 9
[2024-02-07T12:01:51.194+0100][gc,init] Periodic GC: Disabled
[2024-02-07T12:01:51.198+0100][gc,metaspace] CDS archive(s) mapped at: [0x000000d000000000-0x000000d000ca4000-0x000000d000ca4000), size 13254656, SharedBaseAddress: 0x000000d000000000, ArchiveRelocationMode: 1.
[2024-02-07T12:01:51.198+0100][gc,metaspace] Compressed class space mapped at: 0x000000d001000000-0x000000d041000000, reserved size: 1073741824
[2024-02-07T12:01:51.198+0100][gc,metaspace] Narrow klass base: 0x000000d000000000, Narrow klass shift: 0, Narrow klass range: 0x100000000
[2024-02-07T12:01:51.858+0100][gc,start    ] GC(0) Pause Young (Normal) (G1 Evacuation Pause)
[2024-02-07T12:01:51.859+0100][gc,task     ] GC(0) Using 9 workers of 9 for evacuation
[2024-02-07T12:01:51.862+0100][gc,phases   ] GC(0)   Pre Evacuate Collection Set: 0.1ms
[2024-02-07T12:01:51.862+0100][gc,phases   ] GC(0)   Merge Heap Roots: 0.1ms
[2024-02-07T12:01:51.862+0100][gc,phases   ] GC(0)   Evacuate Collection Set: 2.3ms
[2024-02-07T12:01:51.862+0100][gc,phases   ] GC(0)   Post Evacuate Collection Set: 0.4ms
[2024-02-07T12:01:51.862+0100][gc,phases   ] GC(0)   Other: 0.2ms
[2024-02-07T12:01:51.862+0100][gc,heap     ] GC(0) Eden regions: 51->0(44)
[2024-02-07T12:01:51.862+0100][gc,heap     ] GC(0) Survivor regions: 0->7(7)
[2024-02-07T12:01:51.862+0100][gc,heap     ] GC(0) Old regions: 2->3
[2024-02-07T12:01:51.862+0100][gc,heap     ] GC(0) Humongous regions: 0->0
[2024-02-07T12:01:51.862+0100][gc,metaspace] GC(0) Metaspace: 18326K(18496K)->18326K(18496K) NonClass: 16225K(16320K)->16225K(16320K) Class: 2100K(2176K)->2100K(2176K)
[2024-02-07T12:01:51.862+0100][gc          ] GC(0) Pause Young (Normal) (G1 Evacuation Pause) 52M->8M(1024M) 3.420ms
[2024-02-07T12:01:51.862+0100][gc,cpu      ] GC(0) User=0.01s Sys=0.00s Real=0.01s
[2024-02-07T12:01:51.960+0100][gc,start    ] GC(1) Pause Young (Concurrent Start) (Metadata GC Threshold)
[2024-02-07T12:01:51.960+0100][gc,task     ] GC(1) Using 9 workers of 9 for evacuation
[2024-02-07T12:01:51.963+0100][gc,phases   ] GC(1)   Pre Evacuate Collection Set: 0.1ms
[2024-02-07T12:01:51.963+0100][gc,phases   ] GC(1)   Merge Heap Roots: 0.1ms
[2024-02-07T12:01:51.963+0100][gc,phases   ] GC(1)   Evacuate Collection Set: 1.9ms
[2024-02-07T12:01:51.963+0100][gc,phases   ] GC(1)   Post Evacuate Collection Set: 0.2ms
[2024-02-07T12:01:51.963+0100][gc,phases   ] GC(1)   Other: 0.1ms
[2024-02-07T12:01:51.963+0100][gc,heap     ] GC(1) Eden regions: 12->0(49)
[2024-02-07T12:01:51.963+0100][gc,heap     ] GC(1) Survivor regions: 7->2(7)
[2024-02-07T12:01:51.963+0100][gc,heap     ] GC(1) Old regions: 3->10
[2024-02-07T12:01:51.963+0100][gc,heap     ] GC(1) Humongous regions: 0->0
[2024-02-07T12:01:51.963+0100][gc,metaspace] GC(1) Metaspace: 21257K(21504K)->21257K(21504K) NonClass: 18776K(18880K)->18776K(18880K) Class: 2480K(2624K)->2480K(2624K)
[2024-02-07T12:01:51.963+0100][gc          ] GC(1) Pause Young (Concurrent Start) (Metadata GC Threshold) 20M->9M(1024M) 2.528ms
[2024-02-07T12:01:51.963+0100][gc,cpu      ] GC(1) User=0.01s Sys=0.01s Real=0.00s
[2024-02-07T12:01:51.963+0100][gc          ] GC(2) Concurrent Mark Cycle
[2024-02-07T12:01:51.963+0100][gc,marking  ] GC(2) Concurrent Scan Root Regions
[2024-02-07T12:01:51.964+0100][gc,marking  ] GC(2) Concurrent Scan Root Regions 1.418ms
[2024-02-07T12:01:51.964+0100][gc,marking  ] GC(2) Concurrent Mark
[2024-02-07T12:01:51.964+0100][gc,marking  ] GC(2) Concurrent Mark From Roots
[2024-02-07T12:01:51.964+0100][gc,task     ] GC(2) Using 2 workers of 2 for marking
[2024-02-07T12:01:51.965+0100][gc,marking  ] GC(2) Concurrent Mark From Roots 1.041ms
[2024-02-07T12:01:51.965+0100][gc,marking  ] GC(2) Concurrent Preclean
[2024-02-07T12:01:51.965+0100][gc,marking  ] GC(2) Concurrent Preclean 0.008ms
[2024-02-07T12:01:51.966+0100][gc,start    ] GC(2) Pause Remark
[2024-02-07T12:01:51.967+0100][gc          ] GC(2) Pause Remark 10M->10M(1024M) 1.022ms
[2024-02-07T12:01:51.967+0100][gc,cpu      ] GC(2) User=0.00s Sys=0.00s Real=0.00s
[2024-02-07T12:01:51.967+0100][gc,marking  ] GC(2) Concurrent Mark 2.353ms
[2024-02-07T12:01:51.967+0100][gc,marking  ] GC(2) Concurrent Rebuild Remembered Sets and Scrub Regions
[2024-02-07T12:01:51.968+0100][gc,marking  ] GC(2) Concurrent Rebuild Remembered Sets and Scrub Regions 1.429ms
[2024-02-07T12:01:51.980+0100][gc,start    ] GC(2) Pause Cleanup
[2024-02-07T12:01:51.981+0100][gc          ] GC(2) Pause Cleanup 139M->139M(1024M) 0.104ms
[2024-02-07T12:01:51.981+0100][gc,cpu      ] GC(2) User=0.00s Sys=0.00s Real=0.00s
[2024-02-07T12:01:51.981+0100][gc,marking  ] GC(2) Concurrent Clear Claimed Marks
[2024-02-07T12:01:51.981+0100][gc,marking  ] GC(2) Concurrent Clear Claimed Marks 0.013ms
[2024-02-07T12:01:51.981+0100][gc,marking  ] GC(2) Concurrent Cleanup for Next Mark
[2024-02-07T12:01:51.982+0100][gc,marking  ] GC(2) Concurrent Cleanup for Next Mark 1.358ms
[2024-02-07T12:01:51.982+0100][gc          ] GC(2) Concurrent Mark Cycle 19.211ms
[2024-02-07T12:01:52.316+0100][gc,start    ] GC(3) Pause Young (Prepare Mixed) (G1 Evacuation Pause)
[2024-02-07T12:01:52.316+0100][gc,task     ] GC(3) Using 9 workers of 9 for evacuation
[2024-02-07T12:01:52.318+0100][gc,phases   ] GC(3)   Pre Evacuate Collection Set: 0.1ms
[2024-02-07T12:01:52.318+0100][gc,phases   ] GC(3)   Merge Heap Roots: 0.1ms
[2024-02-07T12:01:52.318+0100][gc,phases   ] GC(3)   Evacuate Collection Set: 1.7ms
[2024-02-07T12:01:52.318+0100][gc,phases   ] GC(3)   Post Evacuate Collection Set: 0.3ms
[2024-02-07T12:01:52.318+0100][gc,phases   ] GC(3)   Other: 0.0ms
[2024-02-07T12:01:52.318+0100][gc,heap     ] GC(3) Eden regions: 49->0(44)
[2024-02-07T12:01:52.318+0100][gc,heap     ] GC(3) Survivor regions: 2->7(7)
[2024-02-07T12:01:52.318+0100][gc,heap     ] GC(3) Old regions: 10->10
[2024-02-07T12:01:52.318+0100][gc,heap     ] GC(3) Humongous regions: 129->129
[2024-02-07T12:01:52.318+0100][gc,metaspace] GC(3) Metaspace: 32864K(33152K)->32864K(33152K) NonClass: 29277K(29440K)->29277K(29440K) Class: 3587K(3712K)->3587K(3712K)
[2024-02-07T12:01:52.318+0100][gc          ] GC(3) Pause Young (Prepare Mixed) (G1 Evacuation Pause) 187M->143M(1024M) 2.346ms
[2024-02-07T12:01:52.318+0100][gc,cpu      ] GC(3) User=0.02s Sys=0.00s Real=0.00s
[2024-02-07T12:06:02.983+0100][gc,start    ] GC(4) Pause Young (Mixed) (Metadata GC Threshold)
[2024-02-07T12:06:02.983+0100][gc,task     ] GC(4) Using 9 workers of 9 for evacuation
[2024-02-07T12:06:02.996+0100][gc,phases   ] GC(4)   Pre Evacuate Collection Set: 0.3ms
[2024-02-07T12:06:02.996+0100][gc,phases   ] GC(4)   Merge Heap Roots: 0.1ms
[2024-02-07T12:06:02.996+0100][gc,phases   ] GC(4)   Evacuate Collection Set: 12.5ms
[2024-02-07T12:06:02.996+0100][gc,phases   ] GC(4)   Post Evacuate Collection Set: 0.2ms
[2024-02-07T12:06:02.996+0100][gc,phases   ] GC(4)   Other: 0.1ms
[2024-02-07T12:06:02.996+0100][gc,heap     ] GC(4) Eden regions: 14->0(49)
[2024-02-07T12:06:02.996+0100][gc,heap     ] GC(4) Survivor regions: 7->2(7)
[2024-02-07T12:06:02.996+0100][gc,heap     ] GC(4) Old regions: 10->15
[2024-02-07T12:06:02.996+0100][gc,heap     ] GC(4) Humongous regions: 129->129
[2024-02-07T12:06:02.996+0100][gc,metaspace] GC(4) Metaspace: 35781K(36096K)->35781K(36096K) NonClass: 31809K(31936K)->31809K(31936K) Class: 3971K(4160K)->3971K(4160K)
[2024-02-07T12:06:02.996+0100][gc          ] GC(4) Pause Young (Mixed) (Metadata GC Threshold) 157M->145M(1024M) 13.625ms
[2024-02-07T12:06:02.996+0100][gc,cpu      ] GC(4) User=0.02s Sys=0.00s Real=0.01s
[2024-02-07T12:06:03.054+0100][gc,start    ] GC(5) Pause Young (Concurrent Start) (Metadata GC Threshold)
[2024-02-07T12:06:03.054+0100][gc,task     ] GC(5) Using 9 workers of 9 for evacuation
[2024-02-07T12:06:03.055+0100][gc,phases   ] GC(5)   Pre Evacuate Collection Set: 0.3ms
[2024-02-07T12:06:03.059+0100][gc,phases   ] GC(5)   Merge Heap Roots: 0.0ms
[2024-02-07T12:06:03.059+0100][gc,phases   ] GC(5)   Evacuate Collection Set: 0.6ms
[2024-02-07T12:06:03.059+0100][gc,phases   ] GC(5)   Post Evacuate Collection Set: 0.2ms
[2024-02-07T12:06:03.059+0100][gc,phases   ] GC(5)   Other: 0.1ms
[2024-02-07T12:06:03.059+0100][gc,heap     ] GC(5) Eden regions: 2->0(50)
[2024-02-07T12:06:03.059+0100][gc,heap     ] GC(5) Survivor regions: 2->1(7)
[2024-02-07T12:06:03.059+0100][gc,heap     ] GC(5) Old regions: 15->15
[2024-02-07T12:06:03.059+0100][gc,heap     ] GC(5) Humongous regions: 129->129
[2024-02-07T12:06:03.059+0100][gc,metaspace] GC(5) Metaspace: 36053K(36416K)->36053K(36416K) NonClass: 32018K(32192K)->32018K(32192K) Class: 4034K(4224K)->4034K(4224K)
[2024-02-07T12:06:03.059+0100][gc          ] GC(5) Pause Young (Concurrent Start) (Metadata GC Threshold) 147M->144M(1024M) 5.055ms
[2024-02-07T12:06:03.059+0100][gc          ] GC(6) Concurrent Mark Cycle
[2024-02-07T12:06:03.059+0100][gc,cpu      ] GC(5) User=0.01s Sys=0.01s Real=0.00s
[2024-02-07T12:06:03.059+0100][gc,marking  ] GC(6) Concurrent Scan Root Regions
[2024-02-07T12:06:03.060+0100][gc,marking  ] GC(6) Concurrent Scan Root Regions 0.826ms
[2024-02-07T12:06:03.060+0100][gc,marking  ] GC(6) Concurrent Mark
[2024-02-07T12:06:03.060+0100][gc,marking  ] GC(6) Concurrent Mark From Roots
[2024-02-07T12:06:03.060+0100][gc,task     ] GC(6) Using 2 workers of 2 for marking
[2024-02-07T12:06:03.066+0100][gc,marking  ] GC(6) Concurrent Mark From Roots 6.253ms
[2024-02-07T12:06:03.066+0100][gc,marking  ] GC(6) Concurrent Preclean
[2024-02-07T12:06:03.066+0100][gc,marking  ] GC(6) Concurrent Preclean 0.040ms
[2024-02-07T12:06:03.066+0100][gc,start    ] GC(6) Pause Remark
[2024-02-07T12:06:03.067+0100][gc          ] GC(6) Pause Remark 146M->146M(1024M) 1.252ms
[2024-02-07T12:06:03.067+0100][gc,cpu      ] GC(6) User=0.01s Sys=0.00s Real=0.00s
[2024-02-07T12:06:03.067+0100][gc,marking  ] GC(6) Concurrent Mark 7.803ms
[2024-02-07T12:06:03.067+0100][gc,marking  ] GC(6) Concurrent Rebuild Remembered Sets and Scrub Regions
[2024-02-07T12:06:03.071+0100][gc,marking  ] GC(6) Concurrent Rebuild Remembered Sets and Scrub Regions 3.427ms
[2024-02-07T12:06:03.071+0100][gc,start    ] GC(6) Pause Cleanup
[2024-02-07T12:06:03.071+0100][gc          ] GC(6) Pause Cleanup 147M->147M(1024M) 0.126ms
[2024-02-07T12:06:03.071+0100][gc,cpu      ] GC(6) User=0.00s Sys=0.00s Real=0.00s
[2024-02-07T12:06:03.071+0100][gc,marking  ] GC(6) Concurrent Clear Claimed Marks
[2024-02-07T12:06:03.071+0100][gc,marking  ] GC(6) Concurrent Clear Claimed Marks 0.033ms
[2024-02-07T12:06:03.071+0100][gc,marking  ] GC(6) Concurrent Cleanup for Next Mark
[2024-02-07T12:06:03.072+0100][gc,marking  ] GC(6) Concurrent Cleanup for Next Mark 0.884ms
[2024-02-07T12:06:03.072+0100][gc          ] GC(6) Concurrent Mark Cycle 13.593ms
[2024-02-07T12:08:55.698+0100][gc,start    ] GC(7) Pause Young (Prepare Mixed) (G1 Evacuation Pause)
[2024-02-07T12:08:55.701+0100][gc,task     ] GC(7) Using 9 workers of 9 for evacuation
[2024-02-07T12:08:55.718+0100][gc,phases   ] GC(7)   Pre Evacuate Collection Set: 0.8ms
[2024-02-07T12:08:55.718+0100][gc,phases   ] GC(7)   Merge Heap Roots: 0.2ms
[2024-02-07T12:08:55.718+0100][gc,phases   ] GC(7)   Evacuate Collection Set: 15.3ms
[2024-02-07T12:08:55.718+0100][gc,phases   ] GC(7)   Post Evacuate Collection Set: 0.5ms
[2024-02-07T12:08:55.718+0100][gc,phases   ] GC(7)   Other: 0.2ms
[2024-02-07T12:08:55.718+0100][gc,heap     ] GC(7) Eden regions: 50->0(45)
[2024-02-07T12:08:55.718+0100][gc,heap     ] GC(7) Survivor regions: 1->6(7)
[2024-02-07T12:08:55.718+0100][gc,heap     ] GC(7) Old regions: 15->15
[2024-02-07T12:08:55.718+0100][gc,heap     ] GC(7) Humongous regions: 129->129
[2024-02-07T12:08:55.718+0100][gc,metaspace] GC(7) Metaspace: 41655K(42304K)->41655K(42304K) NonClass: 36817K(37184K)->36817K(37184K) Class: 4838K(5120K)->4838K(5120K)
[2024-02-07T12:08:55.718+0100][gc          ] GC(7) Pause Young (Prepare Mixed) (G1 Evacuation Pause) 194M->149M(1024M) 19.672ms
[2024-02-07T12:08:55.718+0100][gc,cpu      ] GC(7) User=0.04s Sys=0.01s Real=0.02s
[2024-02-07T12:17:06.850+0100][gc,start    ] GC(8) Pause Young (Mixed) (G1 Evacuation Pause)
[2024-02-07T12:17:06.852+0100][gc,task     ] GC(8) Using 9 workers of 9 for evacuation
[2024-02-07T12:17:06.868+0100][gc,phases   ] GC(8)   Pre Evacuate Collection Set: 0.7ms
[2024-02-07T12:17:06.868+0100][gc,phases   ] GC(8)   Merge Heap Roots: 0.2ms
[2024-02-07T12:17:06.868+0100][gc,phases   ] GC(8)   Evacuate Collection Set: 14.7ms
[2024-02-07T12:17:06.868+0100][gc,phases   ] GC(8)   Post Evacuate Collection Set: 0.4ms
[2024-02-07T12:17:06.868+0100][gc,phases   ] GC(8)   Other: 0.1ms
[2024-02-07T12:17:06.868+0100][gc,heap     ] GC(8) Eden regions: 45->0(48)
[2024-02-07T12:17:06.868+0100][gc,heap     ] GC(8) Survivor regions: 6->3(7)
[2024-02-07T12:17:06.868+0100][gc,heap     ] GC(8) Old regions: 15->19
[2024-02-07T12:17:06.868+0100][gc,heap     ] GC(8) Humongous regions: 129->129
[2024-02-07T12:17:06.868+0100][gc,metaspace] GC(8) Metaspace: 41880K(42496K)->41880K(42496K) NonClass: 37021K(37376K)->37021K(37376K) Class: 4859K(5120K)->4859K(5120K)
[2024-02-07T12:17:06.868+0100][gc          ] GC(8) Pause Young (Mixed) (G1 Evacuation Pause) 194M->150M(1024M) 18.004ms
[2024-02-07T12:17:06.868+0100][gc,cpu      ] GC(8) User=0.04s Sys=0.01s Real=0.01s
[2024-02-07T12:27:14.897+0100][gc,start    ] GC(9) Pause Young (Normal) (G1 Evacuation Pause)
[2024-02-07T12:27:14.898+0100][gc,task     ] GC(9) Using 9 workers of 9 for evacuation
[2024-02-07T12:27:14.913+0100][gc,phases   ] GC(9)   Pre Evacuate Collection Set: 0.4ms
[2024-02-07T12:27:14.913+0100][gc,phases   ] GC(9)   Merge Heap Roots: 0.1ms
[2024-02-07T12:27:14.913+0100][gc,phases   ] GC(9)   Evacuate Collection Set: 13.8ms
[2024-02-07T12:27:14.913+0100][gc,phases   ] GC(9)   Post Evacuate Collection Set: 0.2ms
[2024-02-07T12:27:14.913+0100][gc,phases   ] GC(9)   Other: 0.1ms
[2024-02-07T12:27:14.913+0100][gc,heap     ] GC(9) Eden regions: 48->0(44)
[2024-02-07T12:27:14.913+0100][gc,heap     ] GC(9) Survivor regions: 3->7(7)
[2024-02-07T12:27:14.913+0100][gc,heap     ] GC(9) Old regions: 19->19
[2024-02-07T12:27:14.913+0100][gc,heap     ] GC(9) Humongous regions: 129->129
[2024-02-07T12:27:14.913+0100][gc,metaspace] GC(9) Metaspace: 41926K(42560K)->41926K(42560K) NonClass: 37066K(37440K)->37066K(37440K) Class: 4859K(5120K)->4859K(5120K)
[2024-02-07T12:27:14.913+0100][gc          ] GC(9) Pause Young (Normal) (G1 Evacuation Pause) 198M->153M(1024M) 16.381ms
[2024-02-07T12:27:14.913+0100][gc,cpu      ] GC(9) User=0.03s Sys=0.00s Real=0.02s
[2024-02-07T12:37:32.871+0100][gc,start    ] GC(10) Pause Young (Normal) (G1 Evacuation Pause)
[2024-02-07T12:37:32.874+0100][gc,task     ] GC(10) Using 9 workers of 9 for evacuation
[2024-02-07T12:37:32.894+0100][gc,mmu      ] GC(10) MMU target violated: 20.1ms (20.0ms/21.0ms)
[2024-02-07T12:37:32.894+0100][gc,phases   ] GC(10)   Pre Evacuate Collection Set: 1.4ms
[2024-02-07T12:37:32.894+0100][gc,phases   ] GC(10)   Merge Heap Roots: 0.2ms
[2024-02-07T12:37:32.894+0100][gc,phases   ] GC(10)   Evacuate Collection Set: 17.9ms
[2024-02-07T12:37:32.894+0100][gc,phases   ] GC(10)   Post Evacuate Collection Set: 0.4ms
[2024-02-07T12:37:32.894+0100][gc,phases   ] GC(10)   Other: 0.2ms
[2024-02-07T12:37:32.894+0100][gc,heap     ] GC(10) Eden regions: 44->0(45)
[2024-02-07T12:37:32.894+0100][gc,heap     ] GC(10) Survivor regions: 7->6(7)
[2024-02-07T12:37:32.894+0100][gc,heap     ] GC(10) Old regions: 19->24
[2024-02-07T12:37:32.894+0100][gc,heap     ] GC(10) Humongous regions: 129->129
[2024-02-07T12:37:32.894+0100][gc,metaspace] GC(10) Metaspace: 41982K(42624K)->41982K(42624K) NonClass: 37122K(37504K)->37122K(37504K) Class: 4859K(5120K)->4859K(5120K)
[2024-02-07T12:37:32.894+0100][gc          ] GC(10) Pause Young (Normal) (G1 Evacuation Pause) 197M->157M(1024M) 22.960ms
[2024-02-07T12:37:32.894+0100][gc,cpu      ] GC(10) User=0.05s Sys=0.01s Real=0.02s
[2024-02-07T12:48:28.279+0100][gc,start    ] GC(11) Pause Young (Normal) (G1 Evacuation Pause)
[2024-02-07T12:48:28.281+0100][gc,task     ] GC(11) Using 9 workers of 9 for evacuation
[2024-02-07T12:48:28.298+0100][gc,phases   ] GC(11)   Pre Evacuate Collection Set: 0.5ms
[2024-02-07T12:48:28.298+0100][gc,phases   ] GC(11)   Merge Heap Roots: 0.1ms
[2024-02-07T12:48:28.298+0100][gc,phases   ] GC(11)   Evacuate Collection Set: 16.6ms
[2024-02-07T12:48:28.298+0100][gc,phases   ] GC(11)   Post Evacuate Collection Set: 0.3ms
[2024-02-07T12:48:28.298+0100][gc,phases   ] GC(11)   Other: 0.1ms
[2024-02-07T12:48:28.298+0100][gc,heap     ] GC(11) Eden regions: 45->0(46)
[2024-02-07T12:48:28.298+0100][gc,heap     ] GC(11) Survivor regions: 6->5(7)
[2024-02-07T12:48:28.298+0100][gc,heap     ] GC(11) Old regions: 24->27
[2024-02-07T12:48:28.298+0100][gc,heap     ] GC(11) Humongous regions: 129->129
[2024-02-07T12:48:28.298+0100][gc,metaspace] GC(11) Metaspace: 42046K(42688K)->42046K(42688K) NonClass: 37187K(37568K)->37187K(37568K) Class: 4859K(5120K)->4859K(5120K)
[2024-02-07T12:48:28.298+0100][gc          ] GC(11) Pause Young (Normal) (G1 Evacuation Pause) 202M->160M(1024M) 19.273ms
[2024-02-07T12:48:28.299+0100][gc,cpu      ] GC(11) User=0.05s Sys=0.01s Real=0.02s
[2024-02-07T12:58:13.287+0100][gc,start    ] GC(12) Pause Young (Normal) (G1 Evacuation Pause)
[2024-02-07T12:58:13.288+0100][gc,task     ] GC(12) Using 9 workers of 9 for evacuation
[2024-02-07T12:58:13.307+0100][gc,phases   ] GC(12)   Pre Evacuate Collection Set: 1.0ms
[2024-02-07T12:58:13.307+0100][gc,phases   ] GC(12)   Merge Heap Roots: 0.3ms
[2024-02-07T12:58:13.307+0100][gc,phases   ] GC(12)   Evacuate Collection Set: 17.0ms
[2024-02-07T12:58:13.307+0100][gc,phases   ] GC(12)   Post Evacuate Collection Set: 0.4ms
[2024-02-07T12:58:13.307+0100][gc,phases   ] GC(12)   Other: 0.2ms
[2024-02-07T12:58:13.307+0100][gc,heap     ] GC(12) Eden regions: 46->0(46)
[2024-02-07T12:58:13.307+0100][gc,heap     ] GC(12) Survivor regions: 5->5(7)
[2024-02-07T12:58:13.307+0100][gc,heap     ] GC(12) Old regions: 27->32
[2024-02-07T12:58:13.307+0100][gc,heap     ] GC(12) Humongous regions: 129->129
[2024-02-07T12:58:13.307+0100][gc,metaspace] GC(12) Metaspace: 42315K(43008K)->42315K(43008K) NonClass: 37409K(37824K)->37409K(37824K) Class: 4905K(5184K)->4905K(5184K)
[2024-02-07T12:58:13.307+0100][gc          ] GC(12) Pause Young (Normal) (G1 Evacuation Pause) 206M->165M(1024M) 20.848ms
[2024-02-07T12:58:13.307+0100][gc,cpu      ] GC(12) User=0.05s Sys=0.01s Real=0.02s
[2024-02-07T13:07:50.254+0100][gc,start    ] GC(13) Pause Young (Normal) (G1 Evacuation Pause)
[2024-02-07T13:07:50.254+0100][gc,task     ] GC(13) Using 9 workers of 9 for evacuation
[2024-02-07T13:07:50.274+0100][gc,phases   ] GC(13)   Pre Evacuate Collection Set: 0.7ms
[2024-02-07T13:07:50.274+0100][gc,phases   ] GC(13)   Merge Heap Roots: 0.6ms
[2024-02-07T13:07:50.274+0100][gc,phases   ] GC(13)   Evacuate Collection Set: 17.8ms
[2024-02-07T13:07:50.274+0100][gc,phases   ] GC(13)   Post Evacuate Collection Set: 0.4ms
[2024-02-07T13:07:50.274+0100][gc,phases   ] GC(13)   Other: 0.2ms
[2024-02-07T13:07:50.274+0100][gc,heap     ] GC(13) Eden regions: 46->0(46)
[2024-02-07T13:07:50.274+0100][gc,heap     ] GC(13) Survivor regions: 5->5(7)
[2024-02-07T13:07:50.274+0100][gc,heap     ] GC(13) Old regions: 32->36
[2024-02-07T13:07:50.274+0100][gc,heap     ] GC(13) Humongous regions: 129->129
[2024-02-07T13:07:50.274+0100][gc,metaspace] GC(13) Metaspace: 42375K(43008K)->42375K(43008K) NonClass: 37465K(37824K)->37465K(37824K) Class: 4909K(5184K)->4909K(5184K)
[2024-02-07T13:07:50.274+0100][gc          ] GC(13) Pause Young (Normal) (G1 Evacuation Pause) 211M->168M(1024M) 20.291ms
[2024-02-07T13:07:50.274+0100][gc,cpu      ] GC(13) User=0.05s Sys=0.00s Real=0.02s
[2024-02-07T14:30:20.861+0100][gc,start    ] GC(14) Pause Young (Normal) (G1 Evacuation Pause)
[2024-02-07T14:30:20.862+0100][gc,task     ] GC(14) Using 9 workers of 9 for evacuation
[2024-02-07T14:30:20.864+0100][gc,phases   ] GC(14)   Pre Evacuate Collection Set: 0.1ms
[2024-02-07T14:30:20.864+0100][gc,phases   ] GC(14)   Merge Heap Roots: 0.1ms
[2024-02-07T14:30:20.864+0100][gc,phases   ] GC(14)   Evacuate Collection Set: 2.3ms
[2024-02-07T14:30:20.864+0100][gc,phases   ] GC(14)   Post Evacuate Collection Set: 0.2ms
[2024-02-07T14:30:20.864+0100][gc,phases   ] GC(14)   Other: 0.1ms
[2024-02-07T14:30:20.864+0100][gc,heap     ] GC(14) Eden regions: 46->0(85)
[2024-02-07T14:30:20.864+0100][gc,heap     ] GC(14) Survivor regions: 5->4(7)
[2024-02-07T14:30:20.864+0100][gc,heap     ] GC(14) Old regions: 36->38
[2024-02-07T14:30:20.864+0100][gc,heap     ] GC(14) Humongous regions: 129->129
[2024-02-07T14:30:20.864+0100][gc,metaspace] GC(14) Metaspace: 42631K(43264K)->42631K(43264K) NonClass: 37662K(38016K)->37662K(38016K) Class: 4969K(5248K)->4969K(5248K)
[2024-02-07T14:30:20.864+0100][gc          ] GC(14) Pause Young (Normal) (G1 Evacuation Pause) 214M->169M(1024M) 3.912ms
[2024-02-07T14:30:20.864+0100][gc,cpu      ] GC(14) User=0.02s Sys=0.01s Real=0.00s
[2024-02-07T14:30:21.431+0100][gc,heap,exit] Heap
[2024-02-07T14:30:21.431+0100][gc,heap,exit]  garbage-first heap   total 1048576K, used 180988K [0x00000007c0000000, 0x0000000800000000)
[2024-02-07T14:30:21.431+0100][gc,heap,exit]   region size 1024K, 11 young (11264K), 4 survivors (4096K)
[2024-02-07T14:30:21.431+0100][gc,heap,exit]  Metaspace       used 43043K, committed 43648K, reserved 1114112K
[2024-02-07T14:30:21.431+0100][gc,heap,exit]   class space    used 5073K, committed 5312K, reserved 1048576K
