[2024-02-07T11:51:23.426+0100][gc,init] CardTable entry size: 512
[2024-02-07T11:51:23.426+0100][gc     ] Using G1
[2024-02-07T11:51:23.427+0100][gc,init] Version: 21.0.2+13-LTS (release)
[2024-02-07T11:51:23.427+0100][gc,init] CPUs: 10 total, 10 available
[2024-02-07T11:51:23.427+0100][gc,init] Memory: 16384M
[2024-02-07T11:51:23.427+0100][gc,init] Large Page Support: Disabled
[2024-02-07T11:51:23.427+0100][gc,init] NUMA Support: Disabled
[2024-02-07T11:51:23.427+0100][gc,init] Compressed Oops: Enabled (Zero based)
[2024-02-07T11:51:23.427+0100][gc,init] Heap Region Size: 1M
[2024-02-07T11:51:23.427+0100][gc,init] Heap Min Capacity: 1G
[2024-02-07T11:51:23.427+0100][gc,init] Heap Initial Capacity: 1G
[2024-02-07T11:51:23.427+0100][gc,init] Heap Max Capacity: 1G
[2024-02-07T11:51:23.427+0100][gc,init] Pre-touch: Disabled
[2024-02-07T11:51:23.428+0100][gc,init] Parallel Workers: 9
[2024-02-07T11:51:23.428+0100][gc,init] Concurrent Workers: 2
[2024-02-07T11:51:23.428+0100][gc,init] Concurrent Refinement Workers: 9
[2024-02-07T11:51:23.428+0100][gc,init] Periodic GC: Disabled
[2024-02-07T11:51:23.432+0100][gc,metaspace] CDS archive(s) mapped at: [0x0000000300000000-0x0000000300ca4000-0x0000000300ca4000), size 13254656, SharedBaseAddress: 0x0000000300000000, ArchiveRelocationMode: 1.
[2024-02-07T11:51:23.432+0100][gc,metaspace] Compressed class space mapped at: 0x0000000301000000-0x0000000341000000, reserved size: 1073741824
[2024-02-07T11:51:23.432+0100][gc,metaspace] Narrow klass base: 0x0000000300000000, Narrow klass shift: 0, Narrow klass range: 0x100000000
[2024-02-07T11:51:24.197+0100][gc,start    ] GC(0) Pause Young (Normal) (G1 Evacuation Pause)
[2024-02-07T11:51:24.197+0100][gc,task     ] GC(0) Using 9 workers of 9 for evacuation
[2024-02-07T11:51:24.200+0100][gc,phases   ] GC(0)   Pre Evacuate Collection Set: 0.2ms
[2024-02-07T11:51:24.200+0100][gc,phases   ] GC(0)   Merge Heap Roots: 0.0ms
[2024-02-07T11:51:24.200+0100][gc,phases   ] GC(0)   Evacuate Collection Set: 2.1ms
[2024-02-07T11:51:24.200+0100][gc,phases   ] GC(0)   Post Evacuate Collection Set: 0.3ms
[2024-02-07T11:51:24.200+0100][gc,phases   ] GC(0)   Other: 0.3ms
[2024-02-07T11:51:24.200+0100][gc,heap     ] GC(0) Eden regions: 51->0(44)
[2024-02-07T11:51:24.200+0100][gc,heap     ] GC(0) Survivor regions: 0->7(7)
[2024-02-07T11:51:24.200+0100][gc,heap     ] GC(0) Old regions: 2->3
[2024-02-07T11:51:24.200+0100][gc,heap     ] GC(0) Humongous regions: 0->0
[2024-02-07T11:51:24.200+0100][gc,metaspace] GC(0) Metaspace: 18358K(18560K)->18358K(18560K) NonClass: 16255K(16384K)->16255K(16384K) Class: 2102K(2176K)->2102K(2176K)
[2024-02-07T11:51:24.200+0100][gc          ] GC(0) Pause Young (Normal) (G1 Evacuation Pause) 52M->8M(1024M) 3.121ms
[2024-02-07T11:51:24.200+0100][gc,cpu      ] GC(0) User=0.02s Sys=0.00s Real=0.01s
[2024-02-07T11:51:24.325+0100][gc,start    ] GC(1) Pause Young (Concurrent Start) (Metadata GC Threshold)
[2024-02-07T11:51:24.325+0100][gc,task     ] GC(1) Using 9 workers of 9 for evacuation
[2024-02-07T11:51:24.328+0100][gc,phases   ] GC(1)   Pre Evacuate Collection Set: 0.1ms
[2024-02-07T11:51:24.328+0100][gc,phases   ] GC(1)   Merge Heap Roots: 0.0ms
[2024-02-07T11:51:24.328+0100][gc,phases   ] GC(1)   Evacuate Collection Set: 1.7ms
[2024-02-07T11:51:24.328+0100][gc,phases   ] GC(1)   Post Evacuate Collection Set: 0.2ms
[2024-02-07T11:51:24.328+0100][gc,phases   ] GC(1)   Other: 0.0ms
[2024-02-07T11:51:24.328+0100][gc,heap     ] GC(1) Eden regions: 13->0(49)
[2024-02-07T11:51:24.328+0100][gc,heap     ] GC(1) Survivor regions: 7->2(7)
[2024-02-07T11:51:24.328+0100][gc,heap     ] GC(1) Old regions: 3->10
[2024-02-07T11:51:24.328+0100][gc,heap     ] GC(1) Humongous regions: 0->0
[2024-02-07T11:51:24.328+0100][gc,metaspace] GC(1) Metaspace: 21282K(21504K)->21282K(21504K) NonClass: 18791K(18880K)->18791K(18880K) Class: 2490K(2624K)->2490K(2624K)
[2024-02-07T11:51:24.328+0100][gc          ] GC(1) Pause Young (Concurrent Start) (Metadata GC Threshold) 20M->9M(1024M) 2.344ms
[2024-02-07T11:51:24.328+0100][gc          ] GC(2) Concurrent Mark Cycle
[2024-02-07T11:51:24.328+0100][gc,cpu      ] GC(1) User=0.01s Sys=0.00s Real=0.00s
[2024-02-07T11:51:24.328+0100][gc,marking  ] GC(2) Concurrent Scan Root Regions
[2024-02-07T11:51:24.329+0100][gc,marking  ] GC(2) Concurrent Scan Root Regions 1.524ms
[2024-02-07T11:51:24.329+0100][gc,marking  ] GC(2) Concurrent Mark
[2024-02-07T11:51:24.329+0100][gc,marking  ] GC(2) Concurrent Mark From Roots
[2024-02-07T11:51:24.329+0100][gc,task     ] GC(2) Using 2 workers of 2 for marking
[2024-02-07T11:51:24.330+0100][gc,marking  ] GC(2) Concurrent Mark From Roots 0.847ms
[2024-02-07T11:51:24.330+0100][gc,marking  ] GC(2) Concurrent Preclean
[2024-02-07T11:51:24.330+0100][gc,marking  ] GC(2) Concurrent Preclean 0.006ms
[2024-02-07T11:51:24.330+0100][gc,start    ] GC(2) Pause Remark
[2024-02-07T11:51:24.331+0100][gc          ] GC(2) Pause Remark 10M->10M(1024M) 0.944ms
[2024-02-07T11:51:24.331+0100][gc,cpu      ] GC(2) User=0.00s Sys=0.00s Real=0.00s
[2024-02-07T11:51:24.331+0100][gc,marking  ] GC(2) Concurrent Mark 1.906ms
[2024-02-07T11:51:24.331+0100][gc,marking  ] GC(2) Concurrent Rebuild Remembered Sets and Scrub Regions
[2024-02-07T11:51:24.333+0100][gc,marking  ] GC(2) Concurrent Rebuild Remembered Sets and Scrub Regions 1.362ms
[2024-02-07T11:51:24.333+0100][gc,start    ] GC(2) Pause Cleanup
[2024-02-07T11:51:24.333+0100][gc          ] GC(2) Pause Cleanup 10M->10M(1024M) 0.117ms
[2024-02-07T11:51:24.333+0100][gc,cpu      ] GC(2) User=0.00s Sys=0.00s Real=0.00s
[2024-02-07T11:51:24.333+0100][gc,marking  ] GC(2) Concurrent Clear Claimed Marks
[2024-02-07T11:51:24.333+0100][gc,marking  ] GC(2) Concurrent Clear Claimed Marks 0.010ms
[2024-02-07T11:51:24.333+0100][gc,marking  ] GC(2) Concurrent Cleanup for Next Mark
[2024-02-07T11:51:24.334+0100][gc,marking  ] GC(2) Concurrent Cleanup for Next Mark 1.562ms
[2024-02-07T11:51:24.334+0100][gc          ] GC(2) Concurrent Mark Cycle 6.687ms
[2024-02-07T11:51:24.713+0100][gc,start    ] GC(3) Pause Young (Prepare Mixed) (G1 Evacuation Pause)
[2024-02-07T11:51:24.713+0100][gc,task     ] GC(3) Using 9 workers of 9 for evacuation
[2024-02-07T11:51:24.716+0100][gc,phases   ] GC(3)   Pre Evacuate Collection Set: 0.1ms
[2024-02-07T11:51:24.716+0100][gc,phases   ] GC(3)   Merge Heap Roots: 0.0ms
[2024-02-07T11:51:24.716+0100][gc,phases   ] GC(3)   Evacuate Collection Set: 1.7ms
[2024-02-07T11:51:24.716+0100][gc,phases   ] GC(3)   Post Evacuate Collection Set: 0.2ms
[2024-02-07T11:51:24.716+0100][gc,phases   ] GC(3)   Other: 0.0ms
[2024-02-07T11:51:24.716+0100][gc,heap     ] GC(3) Eden regions: 49->0(44)
[2024-02-07T11:51:24.716+0100][gc,heap     ] GC(3) Survivor regions: 2->7(7)
[2024-02-07T11:51:24.716+0100][gc,heap     ] GC(3) Old regions: 10->10
[2024-02-07T11:51:24.716+0100][gc,heap     ] GC(3) Humongous regions: 129->129
[2024-02-07T11:51:24.716+0100][gc,metaspace] GC(3) Metaspace: 32997K(33216K)->32997K(33216K) NonClass: 29432K(29568K)->29432K(29568K) Class: 3564K(3648K)->3564K(3648K)
[2024-02-07T11:51:24.716+0100][gc          ] GC(3) Pause Young (Prepare Mixed) (G1 Evacuation Pause) 187M->143M(1024M) 2.332ms
[2024-02-07T11:51:24.716+0100][gc,cpu      ] GC(3) User=0.01s Sys=0.00s Real=0.00s
[2024-02-07T11:51:54.337+0100][gc,start    ] GC(4) Pause Young (Mixed) (Metadata GC Threshold)
[2024-02-07T11:51:54.338+0100][gc,task     ] GC(4) Using 9 workers of 9 for evacuation
[2024-02-07T11:51:54.351+0100][gc,phases   ] GC(4)   Pre Evacuate Collection Set: 0.6ms
[2024-02-07T11:51:54.351+0100][gc,phases   ] GC(4)   Merge Heap Roots: 0.1ms
[2024-02-07T11:51:54.351+0100][gc,phases   ] GC(4)   Evacuate Collection Set: 11.3ms
[2024-02-07T11:51:54.351+0100][gc,phases   ] GC(4)   Post Evacuate Collection Set: 0.5ms
[2024-02-07T11:51:54.351+0100][gc,phases   ] GC(4)   Other: 0.1ms
[2024-02-07T11:51:54.351+0100][gc,heap     ] GC(4) Eden regions: 13->0(49)
[2024-02-07T11:51:54.351+0100][gc,heap     ] GC(4) Survivor regions: 7->2(7)
[2024-02-07T11:51:54.351+0100][gc,heap     ] GC(4) Old regions: 10->15
[2024-02-07T11:51:54.351+0100][gc,heap     ] GC(4) Humongous regions: 129->129
[2024-02-07T11:51:54.351+0100][gc,metaspace] GC(4) Metaspace: 35590K(35968K)->35590K(35968K) NonClass: 31641K(31808K)->31641K(31808K) Class: 3949K(4160K)->3949K(4160K)
[2024-02-07T11:51:54.351+0100][gc          ] GC(4) Pause Young (Mixed) (Metadata GC Threshold) 156M->145M(1024M) 13.650ms
[2024-02-07T11:51:54.351+0100][gc,cpu      ] GC(4) User=0.03s Sys=0.01s Real=0.02s
[2024-02-07T11:58:40.788+0100][gc,start    ] GC(5) Pause Young (Concurrent Start) (Metadata GC Threshold)
[2024-02-07T11:58:40.788+0100][gc,task     ] GC(5) Using 9 workers of 9 for evacuation
[2024-02-07T11:58:40.789+0100][gc,phases   ] GC(5)   Pre Evacuate Collection Set: 0.2ms
[2024-02-07T11:58:40.789+0100][gc,phases   ] GC(5)   Merge Heap Roots: 0.0ms
[2024-02-07T11:58:40.789+0100][gc,phases   ] GC(5)   Evacuate Collection Set: 0.6ms
[2024-02-07T11:58:40.789+0100][gc,phases   ] GC(5)   Post Evacuate Collection Set: 0.3ms
[2024-02-07T11:58:40.789+0100][gc,phases   ] GC(5)   Other: 0.1ms
[2024-02-07T11:58:40.789+0100][gc,heap     ] GC(5) Eden regions: 9->0(50)
[2024-02-07T11:58:40.789+0100][gc,heap     ] GC(5) Survivor regions: 2->1(7)
[2024-02-07T11:58:40.789+0100][gc,heap     ] GC(5) Old regions: 15->15
[2024-02-07T11:58:40.789+0100][gc,heap     ] GC(5) Humongous regions: 129->129
[2024-02-07T11:58:40.789+0100][gc,metaspace] GC(5) Metaspace: 35993K(36288K)->35993K(36288K) NonClass: 31986K(32128K)->31986K(32128K) Class: 4007K(4160K)->4007K(4160K)
[2024-02-07T11:58:40.789+0100][gc          ] GC(5) Pause Young (Concurrent Start) (Metadata GC Threshold) 153M->144M(1024M) 1.387ms
[2024-02-07T11:58:40.789+0100][gc,cpu      ] GC(5) User=0.01s Sys=0.00s Real=0.00s
[2024-02-07T11:58:40.789+0100][gc          ] GC(6) Concurrent Mark Cycle
[2024-02-07T11:58:40.789+0100][gc,marking  ] GC(6) Concurrent Scan Root Regions
[2024-02-07T11:58:40.790+0100][gc,marking  ] GC(6) Concurrent Scan Root Regions 0.917ms
[2024-02-07T11:58:40.790+0100][gc,marking  ] GC(6) Concurrent Mark
[2024-02-07T11:58:40.790+0100][gc,marking  ] GC(6) Concurrent Mark From Roots
[2024-02-07T11:58:40.790+0100][gc,task     ] GC(6) Using 2 workers of 2 for marking
[2024-02-07T11:58:40.798+0100][gc,marking  ] GC(6) Concurrent Mark From Roots 7.666ms
[2024-02-07T11:58:40.798+0100][gc,marking  ] GC(6) Concurrent Preclean
[2024-02-07T11:58:40.798+0100][gc,marking  ] GC(6) Concurrent Preclean 0.062ms
[2024-02-07T11:58:40.798+0100][gc,start    ] GC(6) Pause Remark
[2024-02-07T11:58:40.799+0100][gc          ] GC(6) Pause Remark 147M->147M(1024M) 1.291ms
[2024-02-07T11:58:40.799+0100][gc,cpu      ] GC(6) User=0.01s Sys=0.00s Real=0.00s
[2024-02-07T11:58:40.799+0100][gc,marking  ] GC(6) Concurrent Mark 9.201ms
[2024-02-07T11:58:40.799+0100][gc,marking  ] GC(6) Concurrent Rebuild Remembered Sets and Scrub Regions
[2024-02-07T11:58:40.803+0100][gc,marking  ] GC(6) Concurrent Rebuild Remembered Sets and Scrub Regions 3.563ms
[2024-02-07T11:58:40.803+0100][gc,start    ] GC(6) Pause Cleanup
[2024-02-07T11:58:40.803+0100][gc          ] GC(6) Pause Cleanup 148M->148M(1024M) 0.101ms
[2024-02-07T11:58:40.803+0100][gc,cpu      ] GC(6) User=0.00s Sys=0.00s Real=0.00s
[2024-02-07T11:58:40.803+0100][gc,marking  ] GC(6) Concurrent Clear Claimed Marks
[2024-02-07T11:58:40.803+0100][gc,marking  ] GC(6) Concurrent Clear Claimed Marks 0.028ms
[2024-02-07T11:58:40.803+0100][gc,marking  ] GC(6) Concurrent Cleanup for Next Mark
[2024-02-07T11:58:40.804+0100][gc,marking  ] GC(6) Concurrent Cleanup for Next Mark 0.689ms
[2024-02-07T11:58:40.804+0100][gc          ] GC(6) Concurrent Mark Cycle 14.747ms
[2024-02-07T11:58:40.953+0100][gc,heap,exit] Heap
[2024-02-07T11:58:40.953+0100][gc,heap,exit]  garbage-first heap   total 1048576K, used 159064K [0x00000007c0000000, 0x0000000800000000)
[2024-02-07T11:58:40.953+0100][gc,heap,exit]   region size 1024K, 12 young (12288K), 1 survivors (1024K)
[2024-02-07T11:58:40.953+0100][gc,heap,exit]  Metaspace       used 36560K, committed 36928K, reserved 1114112K
[2024-02-07T11:58:40.953+0100][gc,heap,exit]   class space    used 4134K, committed 4288K, reserved 1048576K
