[2024-02-02T10:41:46.444+0100][gc,init] CardTable entry size: 512
[2024-02-02T10:41:46.444+0100][gc     ] Using G1
[2024-02-02T10:41:46.445+0100][gc,init] Version: 21.0.2+13-LTS (release)
[2024-02-02T10:41:46.445+0100][gc,init] CPUs: 10 total, 10 available
[2024-02-02T10:41:46.445+0100][gc,init] Memory: 16384M
[2024-02-02T10:41:46.445+0100][gc,init] Large Page Support: Disabled
[2024-02-02T10:41:46.445+0100][gc,init] NUMA Support: Disabled
[2024-02-02T10:41:46.445+0100][gc,init] Compressed Oops: Enabled (Zero based)
[2024-02-02T10:41:46.445+0100][gc,init] Heap Region Size: 1M
[2024-02-02T10:41:46.445+0100][gc,init] Heap Min Capacity: 1G
[2024-02-02T10:41:46.445+0100][gc,init] Heap Initial Capacity: 1G
[2024-02-02T10:41:46.445+0100][gc,init] Heap Max Capacity: 1G
[2024-02-02T10:41:46.445+0100][gc,init] Pre-touch: Disabled
[2024-02-02T10:41:46.445+0100][gc,init] Parallel Workers: 9
[2024-02-02T10:41:46.445+0100][gc,init] Concurrent Workers: 2
[2024-02-02T10:41:46.445+0100][gc,init] Concurrent Refinement Workers: 9
[2024-02-02T10:41:46.445+0100][gc,init] Periodic GC: Disabled
[2024-02-02T10:41:46.449+0100][gc,metaspace] CDS archive(s) mapped at: [0x0000007000000000-0x0000007000ca4000-0x0000007000ca4000), size 13254656, SharedBaseAddress: 0x0000007000000000, ArchiveRelocationMode: 1.
[2024-02-02T10:41:46.449+0100][gc,metaspace] Compressed class space mapped at: 0x0000007001000000-0x0000007041000000, reserved size: 1073741824
[2024-02-02T10:41:46.449+0100][gc,metaspace] Narrow klass base: 0x0000007000000000, Narrow klass shift: 0, Narrow klass range: 0x100000000
[2024-02-02T10:42:06.314+0100][gc,heap,exit] Heap
[2024-02-02T10:42:06.314+0100][gc,heap,exit]  garbage-first heap   total 1048576K, used 46092K [0x00000007c0000000, 0x0000000800000000)
[2024-02-02T10:42:06.314+0100][gc,heap,exit]   region size 1024K, 44 young (45056K), 0 survivors (0K)
[2024-02-02T10:42:06.314+0100][gc,heap,exit]  Metaspace       used 15456K, committed 15680K, reserved 1114112K
[2024-02-02T10:42:06.314+0100][gc,heap,exit]   class space    used 1809K, committed 1920K, reserved 1048576K
