[2024-02-02T10:42:40.057+0100][gc,init] CardTable entry size: 512
[2024-02-02T10:42:40.057+0100][gc     ] Using G1
[2024-02-02T10:42:40.058+0100][gc,init] Version: 21.0.2+13-LTS (release)
[2024-02-02T10:42:40.058+0100][gc,init] CPUs: 10 total, 10 available
[2024-02-02T10:42:40.058+0100][gc,init] Memory: 16384M
[2024-02-02T10:42:40.058+0100][gc,init] Large Page Support: Disabled
[2024-02-02T10:42:40.058+0100][gc,init] NUMA Support: Disabled
[2024-02-02T10:42:40.058+0100][gc,init] Compressed Oops: Enabled (Zero based)
[2024-02-02T10:42:40.058+0100][gc,init] Heap Region Size: 1M
[2024-02-02T10:42:40.058+0100][gc,init] Heap Min Capacity: 1G
[2024-02-02T10:42:40.058+0100][gc,init] Heap Initial Capacity: 1G
[2024-02-02T10:42:40.058+0100][gc,init] Heap Max Capacity: 1G
[2024-02-02T10:42:40.058+0100][gc,init] Pre-touch: Disabled
[2024-02-02T10:42:40.058+0100][gc,init] Parallel Workers: 9
[2024-02-02T10:42:40.058+0100][gc,init] Concurrent Workers: 2
[2024-02-02T10:42:40.058+0100][gc,init] Concurrent Refinement Workers: 9
[2024-02-02T10:42:40.058+0100][gc,init] Periodic GC: Disabled
[2024-02-02T10:42:40.062+0100][gc,metaspace] CDS archive(s) mapped at: [0x000000d000000000-0x000000d000ca4000-0x000000d000ca4000), size 13254656, SharedBaseAddress: 0x000000d000000000, ArchiveRelocationMode: 1.
[2024-02-02T10:42:40.062+0100][gc,metaspace] Compressed class space mapped at: 0x000000d001000000-0x000000d041000000, reserved size: 1073741824
[2024-02-02T10:42:40.062+0100][gc,metaspace] Narrow klass base: 0x000000d000000000, Narrow klass shift: 0, Narrow klass range: 0x100000000
[2024-02-02T10:42:40.783+0100][gc,start    ] GC(0) Pause Young (Normal) (G1 Evacuation Pause)
[2024-02-02T10:42:40.784+0100][gc,task     ] GC(0) Using 9 workers of 9 for evacuation
[2024-02-02T10:42:40.787+0100][gc,phases   ] GC(0)   Pre Evacuate Collection Set: 0.2ms
[2024-02-02T10:42:40.787+0100][gc,phases   ] GC(0)   Merge Heap Roots: 0.0ms
[2024-02-02T10:42:40.787+0100][gc,phases   ] GC(0)   Evacuate Collection Set: 2.3ms
[2024-02-02T10:42:40.787+0100][gc,phases   ] GC(0)   Post Evacuate Collection Set: 0.3ms
[2024-02-02T10:42:40.787+0100][gc,phases   ] GC(0)   Other: 0.2ms
[2024-02-02T10:42:40.787+0100][gc,heap     ] GC(0) Eden regions: 51->0(44)
[2024-02-02T10:42:40.787+0100][gc,heap     ] GC(0) Survivor regions: 0->7(7)
[2024-02-02T10:42:40.787+0100][gc,heap     ] GC(0) Old regions: 2->3
[2024-02-02T10:42:40.787+0100][gc,heap     ] GC(0) Humongous regions: 0->0
[2024-02-02T10:42:40.787+0100][gc,metaspace] GC(0) Metaspace: 18343K(18560K)->18343K(18560K) NonClass: 16243K(16384K)->16243K(16384K) Class: 2100K(2176K)->2100K(2176K)
[2024-02-02T10:42:40.787+0100][gc          ] GC(0) Pause Young (Normal) (G1 Evacuation Pause) 52M->8M(1024M) 3.315ms
[2024-02-02T10:42:40.787+0100][gc,cpu      ] GC(0) User=0.01s Sys=0.00s Real=0.00s
[2024-02-02T10:42:40.918+0100][gc,start    ] GC(1) Pause Young (Concurrent Start) (Metadata GC Threshold)
[2024-02-02T10:42:40.918+0100][gc,task     ] GC(1) Using 9 workers of 9 for evacuation
[2024-02-02T10:42:40.921+0100][gc,phases   ] GC(1)   Pre Evacuate Collection Set: 0.1ms
[2024-02-02T10:42:40.921+0100][gc,phases   ] GC(1)   Merge Heap Roots: 0.0ms
[2024-02-02T10:42:40.921+0100][gc,phases   ] GC(1)   Evacuate Collection Set: 1.8ms
[2024-02-02T10:42:40.921+0100][gc,phases   ] GC(1)   Post Evacuate Collection Set: 0.2ms
[2024-02-02T10:42:40.921+0100][gc,phases   ] GC(1)   Other: 0.0ms
[2024-02-02T10:42:40.921+0100][gc,heap     ] GC(1) Eden regions: 13->0(49)
[2024-02-02T10:42:40.921+0100][gc,heap     ] GC(1) Survivor regions: 7->2(7)
[2024-02-02T10:42:40.921+0100][gc,heap     ] GC(1) Old regions: 3->10
[2024-02-02T10:42:40.921+0100][gc,heap     ] GC(1) Humongous regions: 0->0
[2024-02-02T10:42:40.921+0100][gc,metaspace] GC(1) Metaspace: 21233K(21504K)->21233K(21504K) NonClass: 18748K(18880K)->18748K(18880K) Class: 2485K(2624K)->2485K(2624K)
[2024-02-02T10:42:40.921+0100][gc          ] GC(1) Pause Young (Concurrent Start) (Metadata GC Threshold) 20M->9M(1024M) 2.353ms
[2024-02-02T10:42:40.921+0100][gc          ] GC(2) Concurrent Mark Cycle
[2024-02-02T10:42:40.921+0100][gc,cpu      ] GC(1) User=0.01s Sys=0.01s Real=0.01s
[2024-02-02T10:42:40.921+0100][gc,marking  ] GC(2) Concurrent Scan Root Regions
[2024-02-02T10:42:40.922+0100][gc,marking  ] GC(2) Concurrent Scan Root Regions 1.534ms
[2024-02-02T10:42:40.922+0100][gc,marking  ] GC(2) Concurrent Mark
[2024-02-02T10:42:40.922+0100][gc,marking  ] GC(2) Concurrent Mark From Roots
[2024-02-02T10:42:40.922+0100][gc,task     ] GC(2) Using 2 workers of 2 for marking
[2024-02-02T10:42:40.923+0100][gc,marking  ] GC(2) Concurrent Mark From Roots 0.848ms
[2024-02-02T10:42:40.923+0100][gc,marking  ] GC(2) Concurrent Preclean
[2024-02-02T10:42:40.923+0100][gc,marking  ] GC(2) Concurrent Preclean 0.011ms
[2024-02-02T10:42:40.923+0100][gc,start    ] GC(2) Pause Remark
[2024-02-02T10:42:40.924+0100][gc          ] GC(2) Pause Remark 10M->10M(1024M) 0.942ms
[2024-02-02T10:42:40.924+0100][gc,cpu      ] GC(2) User=0.00s Sys=0.00s Real=0.00s
[2024-02-02T10:42:40.924+0100][gc,marking  ] GC(2) Concurrent Mark 1.915ms
[2024-02-02T10:42:40.924+0100][gc,marking  ] GC(2) Concurrent Rebuild Remembered Sets and Scrub Regions
[2024-02-02T10:42:40.926+0100][gc,marking  ] GC(2) Concurrent Rebuild Remembered Sets and Scrub Regions 1.381ms
[2024-02-02T10:42:40.926+0100][gc,start    ] GC(2) Pause Cleanup
[2024-02-02T10:42:40.926+0100][gc          ] GC(2) Pause Cleanup 10M->10M(1024M) 0.071ms
[2024-02-02T10:42:40.926+0100][gc,cpu      ] GC(2) User=0.00s Sys=0.00s Real=0.00s
[2024-02-02T10:42:40.926+0100][gc,marking  ] GC(2) Concurrent Clear Claimed Marks
[2024-02-02T10:42:40.926+0100][gc,marking  ] GC(2) Concurrent Clear Claimed Marks 0.010ms
[2024-02-02T10:42:40.926+0100][gc,marking  ] GC(2) Concurrent Cleanup for Next Mark
[2024-02-02T10:42:40.928+0100][gc,marking  ] GC(2) Concurrent Cleanup for Next Mark 1.830ms
[2024-02-02T10:42:40.928+0100][gc          ] GC(2) Concurrent Mark Cycle 6.940ms
[2024-02-02T10:42:41.305+0100][gc,start    ] GC(3) Pause Young (Prepare Mixed) (G1 Evacuation Pause)
[2024-02-02T10:42:41.305+0100][gc,task     ] GC(3) Using 9 workers of 9 for evacuation
[2024-02-02T10:42:41.307+0100][gc,phases   ] GC(3)   Pre Evacuate Collection Set: 0.1ms
[2024-02-02T10:42:41.307+0100][gc,phases   ] GC(3)   Merge Heap Roots: 0.0ms
[2024-02-02T10:42:41.307+0100][gc,phases   ] GC(3)   Evacuate Collection Set: 1.7ms
[2024-02-02T10:42:41.307+0100][gc,phases   ] GC(3)   Post Evacuate Collection Set: 0.2ms
[2024-02-02T10:42:41.307+0100][gc,phases   ] GC(3)   Other: 0.0ms
[2024-02-02T10:42:41.307+0100][gc,heap     ] GC(3) Eden regions: 49->0(44)
[2024-02-02T10:42:41.307+0100][gc,heap     ] GC(3) Survivor regions: 2->7(7)
[2024-02-02T10:42:41.307+0100][gc,heap     ] GC(3) Old regions: 10->10
[2024-02-02T10:42:41.307+0100][gc,heap     ] GC(3) Humongous regions: 129->129
[2024-02-02T10:42:41.307+0100][gc,metaspace] GC(3) Metaspace: 33057K(33344K)->33057K(33344K) NonClass: 29479K(29632K)->29479K(29632K) Class: 3577K(3712K)->3577K(3712K)
[2024-02-02T10:42:41.307+0100][gc          ] GC(3) Pause Young (Prepare Mixed) (G1 Evacuation Pause) 187M->144M(1024M) 2.278ms
[2024-02-02T10:42:41.307+0100][gc,cpu      ] GC(3) User=0.01s Sys=0.00s Real=0.00s
[2024-02-02T10:42:42.486+0100][gc,start    ] GC(4) Pause Young (Mixed) (Metadata GC Threshold)
[2024-02-02T10:42:42.486+0100][gc,task     ] GC(4) Using 9 workers of 9 for evacuation
[2024-02-02T10:42:42.489+0100][gc,phases   ] GC(4)   Pre Evacuate Collection Set: 0.2ms
[2024-02-02T10:42:42.489+0100][gc,phases   ] GC(4)   Merge Heap Roots: 0.0ms
[2024-02-02T10:42:42.489+0100][gc,phases   ] GC(4)   Evacuate Collection Set: 2.4ms
[2024-02-02T10:42:42.489+0100][gc,phases   ] GC(4)   Post Evacuate Collection Set: 0.2ms
[2024-02-02T10:42:42.489+0100][gc,phases   ] GC(4)   Other: 0.0ms
[2024-02-02T10:42:42.489+0100][gc,heap     ] GC(4) Eden regions: 13->0(49)
[2024-02-02T10:42:42.489+0100][gc,heap     ] GC(4) Survivor regions: 7->2(7)
[2024-02-02T10:42:42.489+0100][gc,heap     ] GC(4) Old regions: 10->16
[2024-02-02T10:42:42.489+0100][gc,heap     ] GC(4) Humongous regions: 129->129
[2024-02-02T10:42:42.489+0100][gc,metaspace] GC(4) Metaspace: 35638K(35968K)->35638K(35968K) NonClass: 31633K(31808K)->31633K(31808K) Class: 4004K(4160K)->4004K(4160K)
[2024-02-02T10:42:42.489+0100][gc          ] GC(4) Pause Young (Mixed) (Metadata GC Threshold) 156M->145M(1024M) 3.119ms
[2024-02-02T10:42:42.489+0100][gc,cpu      ] GC(4) User=0.02s Sys=0.00s Real=0.00s
[2024-02-02T10:42:42.522+0100][gc,start    ] GC(5) Pause Young (Concurrent Start) (Metadata GC Threshold)
[2024-02-02T10:42:42.527+0100][gc,task     ] GC(5) Using 9 workers of 9 for evacuation
[2024-02-02T10:42:42.528+0100][gc,phases   ] GC(5)   Pre Evacuate Collection Set: 0.2ms
[2024-02-02T10:42:42.528+0100][gc,phases   ] GC(5)   Merge Heap Roots: 0.0ms
[2024-02-02T10:42:42.528+0100][gc,phases   ] GC(5)   Evacuate Collection Set: 0.5ms
[2024-02-02T10:42:42.528+0100][gc,phases   ] GC(5)   Post Evacuate Collection Set: 0.2ms
[2024-02-02T10:42:42.528+0100][gc,phases   ] GC(5)   Other: 0.0ms
[2024-02-02T10:42:42.528+0100][gc,heap     ] GC(5) Eden regions: 3->0(50)
[2024-02-02T10:42:42.528+0100][gc,heap     ] GC(5) Survivor regions: 2->1(7)
[2024-02-02T10:42:42.528+0100][gc,heap     ] GC(5) Old regions: 16->16
[2024-02-02T10:42:42.528+0100][gc,heap     ] GC(5) Humongous regions: 129->129
[2024-02-02T10:42:42.528+0100][gc,metaspace] GC(5) Metaspace: 35973K(36288K)->35973K(36288K) NonClass: 31893K(32064K)->31893K(32064K) Class: 4079K(4224K)->4079K(4224K)
[2024-02-02T10:42:42.528+0100][gc          ] GC(5) Pause Young (Concurrent Start) (Metadata GC Threshold) 147M->145M(1024M) 5.284ms
[2024-02-02T10:42:42.528+0100][gc          ] GC(6) Concurrent Mark Cycle
[2024-02-02T10:42:42.528+0100][gc,cpu      ] GC(5) User=0.01s Sys=0.00s Real=0.00s
[2024-02-02T10:42:42.528+0100][gc,marking  ] GC(6) Concurrent Scan Root Regions
[2024-02-02T10:42:42.529+0100][gc,marking  ] GC(6) Concurrent Scan Root Regions 0.892ms
[2024-02-02T10:42:42.529+0100][gc,marking  ] GC(6) Concurrent Mark
[2024-02-02T10:42:42.529+0100][gc,marking  ] GC(6) Concurrent Mark From Roots
[2024-02-02T10:42:42.529+0100][gc,task     ] GC(6) Using 2 workers of 2 for marking
[2024-02-02T10:42:42.536+0100][gc,marking  ] GC(6) Concurrent Mark From Roots 7.314ms
[2024-02-02T10:42:42.536+0100][gc,marking  ] GC(6) Concurrent Preclean
[2024-02-02T10:42:42.536+0100][gc,marking  ] GC(6) Concurrent Preclean 0.036ms
[2024-02-02T10:42:42.536+0100][gc,start    ] GC(6) Pause Remark
[2024-02-02T10:42:42.537+0100][gc          ] GC(6) Pause Remark 146M->146M(1024M) 1.157ms
[2024-02-02T10:42:42.537+0100][gc,cpu      ] GC(6) User=0.01s Sys=0.00s Real=0.00s
[2024-02-02T10:42:42.537+0100][gc,marking  ] GC(6) Concurrent Mark 8.668ms
[2024-02-02T10:42:42.537+0100][gc,marking  ] GC(6) Concurrent Rebuild Remembered Sets and Scrub Regions
[2024-02-02T10:42:42.541+0100][gc,marking  ] GC(6) Concurrent Rebuild Remembered Sets and Scrub Regions 3.477ms
[2024-02-02T10:42:42.541+0100][gc,start    ] GC(6) Pause Cleanup
[2024-02-02T10:42:42.541+0100][gc          ] GC(6) Pause Cleanup 147M->147M(1024M) 0.128ms
[2024-02-02T10:42:42.541+0100][gc,cpu      ] GC(6) User=0.00s Sys=0.00s Real=0.00s
[2024-02-02T10:42:42.541+0100][gc,marking  ] GC(6) Concurrent Clear Claimed Marks
[2024-02-02T10:42:42.541+0100][gc,marking  ] GC(6) Concurrent Clear Claimed Marks 0.031ms
[2024-02-02T10:42:42.541+0100][gc,marking  ] GC(6) Concurrent Cleanup for Next Mark
[2024-02-02T10:42:42.542+0100][gc,marking  ] GC(6) Concurrent Cleanup for Next Mark 0.944ms
[2024-02-02T10:42:42.542+0100][gc          ] GC(6) Concurrent Mark Cycle 14.313ms
[2024-02-02T10:47:06.806+0100][gc,start    ] GC(7) Pause Young (Prepare Mixed) (G1 Evacuation Pause)
[2024-02-02T10:47:06.806+0100][gc,task     ] GC(7) Using 9 workers of 9 for evacuation
[2024-02-02T10:47:06.819+0100][gc,phases   ] GC(7)   Pre Evacuate Collection Set: 0.4ms
[2024-02-02T10:47:06.819+0100][gc,phases   ] GC(7)   Merge Heap Roots: 0.2ms
[2024-02-02T10:47:06.819+0100][gc,phases   ] GC(7)   Evacuate Collection Set: 11.5ms
[2024-02-02T10:47:06.819+0100][gc,phases   ] GC(7)   Post Evacuate Collection Set: 0.4ms
[2024-02-02T10:47:06.819+0100][gc,phases   ] GC(7)   Other: 0.1ms
[2024-02-02T10:47:06.819+0100][gc,heap     ] GC(7) Eden regions: 50->0(46)
[2024-02-02T10:47:06.819+0100][gc,heap     ] GC(7) Survivor regions: 1->5(7)
[2024-02-02T10:47:06.819+0100][gc,heap     ] GC(7) Old regions: 16->16
[2024-02-02T10:47:06.819+0100][gc,heap     ] GC(7) Humongous regions: 129->129
[2024-02-02T10:47:06.819+0100][gc,metaspace] GC(7) Metaspace: 41960K(42624K)->41960K(42624K) NonClass: 37059K(37440K)->37059K(37440K) Class: 4901K(5184K)->4901K(5184K)
[2024-02-02T10:47:06.819+0100][gc          ] GC(7) Pause Young (Prepare Mixed) (G1 Evacuation Pause) 195M->148M(1024M) 12.978ms
[2024-02-02T10:47:06.819+0100][gc,cpu      ] GC(7) User=0.02s Sys=0.00s Real=0.01s
[2024-02-02T11:00:36.857+0100][gc,start    ] GC(8) Pause Young (Mixed) (G1 Evacuation Pause)
[2024-02-02T11:00:36.858+0100][gc,task     ] GC(8) Using 9 workers of 9 for evacuation
[2024-02-02T11:00:36.873+0100][gc,phases   ] GC(8)   Pre Evacuate Collection Set: 1.0ms
[2024-02-02T11:00:36.873+0100][gc,phases   ] GC(8)   Merge Heap Roots: 0.1ms
[2024-02-02T11:00:36.873+0100][gc,phases   ] GC(8)   Evacuate Collection Set: 13.4ms
[2024-02-02T11:00:36.873+0100][gc,phases   ] GC(8)   Post Evacuate Collection Set: 0.3ms
[2024-02-02T11:00:36.873+0100][gc,phases   ] GC(8)   Other: 0.1ms
[2024-02-02T11:00:36.873+0100][gc,heap     ] GC(8) Eden regions: 46->0(48)
[2024-02-02T11:00:36.873+0100][gc,heap     ] GC(8) Survivor regions: 5->3(7)
[2024-02-02T11:00:36.873+0100][gc,heap     ] GC(8) Old regions: 16->19
[2024-02-02T11:00:36.873+0100][gc,heap     ] GC(8) Humongous regions: 129->129
[2024-02-02T11:00:36.873+0100][gc,metaspace] GC(8) Metaspace: 42226K(42880K)->42226K(42880K) NonClass: 37302K(37696K)->37302K(37696K) Class: 4924K(5184K)->4924K(5184K)
[2024-02-02T11:00:36.873+0100][gc          ] GC(8) Pause Young (Mixed) (G1 Evacuation Pause) 194M->149M(1024M) 16.336ms
[2024-02-02T11:00:36.873+0100][gc,cpu      ] GC(8) User=0.03s Sys=0.01s Real=0.02s
[2024-02-02T11:12:03.028+0100][gc,start    ] GC(9) Pause Young (Normal) (G1 Evacuation Pause)
[2024-02-02T11:12:03.029+0100][gc,task     ] GC(9) Using 9 workers of 9 for evacuation
[2024-02-02T11:12:03.043+0100][gc,phases   ] GC(9)   Pre Evacuate Collection Set: 0.8ms
[2024-02-02T11:12:03.043+0100][gc,phases   ] GC(9)   Merge Heap Roots: 0.2ms
[2024-02-02T11:12:03.043+0100][gc,phases   ] GC(9)   Evacuate Collection Set: 12.7ms
[2024-02-02T11:12:03.043+0100][gc,phases   ] GC(9)   Post Evacuate Collection Set: 0.3ms
[2024-02-02T11:12:03.043+0100][gc,phases   ] GC(9)   Other: 0.2ms
[2024-02-02T11:12:03.043+0100][gc,heap     ] GC(9) Eden regions: 48->0(47)
[2024-02-02T11:12:03.043+0100][gc,heap     ] GC(9) Survivor regions: 3->4(7)
[2024-02-02T11:12:03.043+0100][gc,heap     ] GC(9) Old regions: 19->19
[2024-02-02T11:12:03.043+0100][gc,heap     ] GC(9) Humongous regions: 129->129
[2024-02-02T11:12:03.043+0100][gc,metaspace] GC(9) Metaspace: 42393K(43008K)->42393K(43008K) NonClass: 37461K(37824K)->37461K(37824K) Class: 4931K(5184K)->4931K(5184K)
[2024-02-02T11:12:03.043+0100][gc          ] GC(9) Pause Young (Normal) (G1 Evacuation Pause) 197M->150M(1024M) 15.134ms
[2024-02-02T11:12:03.043+0100][gc,cpu      ] GC(9) User=0.01s Sys=0.01s Real=0.02s
[2024-02-02T11:22:11.846+0100][gc,start    ] GC(10) Pause Young (Normal) (G1 Evacuation Pause)
[2024-02-02T11:22:11.847+0100][gc,task     ] GC(10) Using 9 workers of 9 for evacuation
[2024-02-02T11:22:11.864+0100][gc,phases   ] GC(10)   Pre Evacuate Collection Set: 0.5ms
[2024-02-02T11:22:11.864+0100][gc,phases   ] GC(10)   Merge Heap Roots: 0.2ms
[2024-02-02T11:22:11.864+0100][gc,phases   ] GC(10)   Evacuate Collection Set: 15.6ms
[2024-02-02T11:22:11.864+0100][gc,phases   ] GC(10)   Post Evacuate Collection Set: 0.5ms
[2024-02-02T11:22:11.864+0100][gc,phases   ] GC(10)   Other: 0.1ms
[2024-02-02T11:22:11.864+0100][gc,heap     ] GC(10) Eden regions: 47->0(45)
[2024-02-02T11:22:11.864+0100][gc,heap     ] GC(10) Survivor regions: 4->6(7)
[2024-02-02T11:22:11.864+0100][gc,heap     ] GC(10) Old regions: 19->19
[2024-02-02T11:22:11.864+0100][gc,heap     ] GC(10) Humongous regions: 129->129
[2024-02-02T11:22:11.864+0100][gc,metaspace] GC(10) Metaspace: 42460K(43072K)->42460K(43072K) NonClass: 37528K(37888K)->37528K(37888K) Class: 4931K(5184K)->4931K(5184K)
[2024-02-02T11:22:11.864+0100][gc          ] GC(10) Pause Young (Normal) (G1 Evacuation Pause) 197M->152M(1024M) 18.549ms
[2024-02-02T11:22:11.865+0100][gc,cpu      ] GC(10) User=0.03s Sys=0.01s Real=0.02s
[2024-02-02T11:32:48.110+0100][gc,start    ] GC(11) Pause Young (Normal) (G1 Evacuation Pause)
[2024-02-02T11:32:48.112+0100][gc,task     ] GC(11) Using 9 workers of 9 for evacuation
[2024-02-02T11:32:48.133+0100][gc,mmu      ] GC(11) MMU target violated: 21.0ms (20.0ms/21.0ms)
[2024-02-02T11:32:48.133+0100][gc,phases   ] GC(11)   Pre Evacuate Collection Set: 0.9ms
[2024-02-02T11:32:48.133+0100][gc,phases   ] GC(11)   Merge Heap Roots: 0.4ms
[2024-02-02T11:32:48.133+0100][gc,phases   ] GC(11)   Evacuate Collection Set: 19.7ms
[2024-02-02T11:32:48.133+0100][gc,phases   ] GC(11)   Post Evacuate Collection Set: 0.4ms
[2024-02-02T11:32:48.133+0100][gc,phases   ] GC(11)   Other: 0.3ms
[2024-02-02T11:32:48.133+0100][gc,heap     ] GC(11) Eden regions: 45->0(45)
[2024-02-02T11:32:48.133+0100][gc,heap     ] GC(11) Survivor regions: 6->6(7)
[2024-02-02T11:32:48.133+0100][gc,heap     ] GC(11) Old regions: 19->21
[2024-02-02T11:32:48.133+0100][gc,heap     ] GC(11) Humongous regions: 129->129
[2024-02-02T11:32:48.133+0100][gc,metaspace] GC(11) Metaspace: 42532K(43136K)->42532K(43136K) NonClass: 37601K(37952K)->37601K(37952K) Class: 4931K(5184K)->4931K(5184K)
[2024-02-02T11:32:48.134+0100][gc          ] GC(11) Pause Young (Normal) (G1 Evacuation Pause) 197M->155M(1024M) 23.640ms
[2024-02-02T11:32:48.134+0100][gc,cpu      ] GC(11) User=0.05s Sys=0.00s Real=0.02s
[2024-02-02T11:42:44.792+0100][gc,start    ] GC(12) Pause Young (Normal) (G1 Evacuation Pause)
[2024-02-02T11:42:44.793+0100][gc,task     ] GC(12) Using 9 workers of 9 for evacuation
[2024-02-02T11:42:44.816+0100][gc,mmu      ] GC(12) MMU target violated: 21.0ms (20.0ms/21.0ms)
[2024-02-02T11:42:44.816+0100][gc,phases   ] GC(12)   Pre Evacuate Collection Set: 0.7ms
[2024-02-02T11:42:44.816+0100][gc,phases   ] GC(12)   Merge Heap Roots: 0.9ms
[2024-02-02T11:42:44.816+0100][gc,phases   ] GC(12)   Evacuate Collection Set: 20.5ms
[2024-02-02T11:42:44.816+0100][gc,phases   ] GC(12)   Post Evacuate Collection Set: 0.3ms
[2024-02-02T11:42:44.816+0100][gc,phases   ] GC(12)   Other: 0.2ms
[2024-02-02T11:42:44.816+0100][gc,heap     ] GC(12) Eden regions: 45->0(46)
[2024-02-02T11:42:44.816+0100][gc,heap     ] GC(12) Survivor regions: 6->5(7)
[2024-02-02T11:42:44.816+0100][gc,heap     ] GC(12) Old regions: 21->25
[2024-02-02T11:42:44.816+0100][gc,heap     ] GC(12) Humongous regions: 129->129
[2024-02-02T11:42:44.816+0100][gc,metaspace] GC(12) Metaspace: 42571K(43200K)->42571K(43200K) NonClass: 37636K(38016K)->37636K(38016K) Class: 4935K(5184K)->4935K(5184K)
[2024-02-02T11:42:44.816+0100][gc          ] GC(12) Pause Young (Normal) (G1 Evacuation Pause) 200M->157M(1024M) 24.317ms
[2024-02-02T11:42:44.816+0100][gc,cpu      ] GC(12) User=0.04s Sys=0.01s Real=0.02s
[2024-02-02T11:53:30.961+0100][gc,start    ] GC(13) Pause Young (Normal) (G1 Evacuation Pause)
[2024-02-02T11:53:30.963+0100][gc,task     ] GC(13) Using 9 workers of 9 for evacuation
[2024-02-02T11:53:30.984+0100][gc,mmu      ] GC(13) MMU target violated: 21.0ms (20.0ms/21.0ms)
[2024-02-02T11:53:30.984+0100][gc,phases   ] GC(13)   Pre Evacuate Collection Set: 0.8ms
[2024-02-02T11:53:30.984+0100][gc,phases   ] GC(13)   Merge Heap Roots: 0.2ms
[2024-02-02T11:53:30.984+0100][gc,phases   ] GC(13)   Evacuate Collection Set: 20.0ms
[2024-02-02T11:53:30.984+0100][gc,phases   ] GC(13)   Post Evacuate Collection Set: 0.3ms
[2024-02-02T11:53:30.984+0100][gc,phases   ] GC(13)   Other: 0.3ms
[2024-02-02T11:53:30.984+0100][gc,heap     ] GC(13) Eden regions: 46->0(75)
[2024-02-02T11:53:30.984+0100][gc,heap     ] GC(13) Survivor regions: 5->4(7)
[2024-02-02T11:53:30.984+0100][gc,heap     ] GC(13) Old regions: 25->27
[2024-02-02T11:53:30.984+0100][gc,heap     ] GC(13) Humongous regions: 129->129
[2024-02-02T11:53:30.984+0100][gc,metaspace] GC(13) Metaspace: 42601K(43200K)->42601K(43200K) NonClass: 37665K(38016K)->37665K(38016K) Class: 4935K(5184K)->4935K(5184K)
[2024-02-02T11:53:30.984+0100][gc          ] GC(13) Pause Young (Normal) (G1 Evacuation Pause) 203M->158M(1024M) 23.721ms
[2024-02-02T11:53:30.984+0100][gc,cpu      ] GC(13) User=0.04s Sys=0.00s Real=0.02s
[2024-02-02T12:35:48.716+0100][gc,start    ] GC(14) Pause Young (Normal) (G1 Evacuation Pause)
[2024-02-02T12:35:48.718+0100][gc,task     ] GC(14) Using 9 workers of 9 for evacuation
[2024-02-02T12:35:48.730+0100][gc,phases   ] GC(14)   Pre Evacuate Collection Set: 0.6ms
[2024-02-02T12:35:48.730+0100][gc,phases   ] GC(14)   Merge Heap Roots: 0.1ms
[2024-02-02T12:35:48.730+0100][gc,phases   ] GC(14)   Evacuate Collection Set: 11.7ms
[2024-02-02T12:35:48.730+0100][gc,phases   ] GC(14)   Post Evacuate Collection Set: 0.3ms
[2024-02-02T12:35:48.730+0100][gc,phases   ] GC(14)   Other: 0.1ms
[2024-02-02T12:35:48.730+0100][gc,heap     ] GC(14) Eden regions: 90->0(84)
[2024-02-02T12:35:48.730+0100][gc,heap     ] GC(14) Survivor regions: 4->6(12)
[2024-02-02T12:35:48.730+0100][gc,heap     ] GC(14) Old regions: 27->27
[2024-02-02T12:35:48.730+0100][gc,heap     ] GC(14) Humongous regions: 129->129
[2024-02-02T12:35:48.730+0100][gc,metaspace] GC(14) Metaspace: 42647K(43264K)->42647K(43264K) NonClass: 37711K(38080K)->37711K(38080K) Class: 4935K(5184K)->4935K(5184K)
[2024-02-02T12:35:48.730+0100][gc          ] GC(14) Pause Young (Normal) (G1 Evacuation Pause) 248M->161M(1024M) 14.323ms
[2024-02-02T12:35:48.731+0100][gc,cpu      ] GC(14) User=0.03s Sys=0.00s Real=0.02s
[2024-02-02T12:58:10.558+0100][gc,start    ] GC(15) Pause Young (Normal) (G1 Evacuation Pause)
[2024-02-02T12:58:10.559+0100][gc,task     ] GC(15) Using 9 workers of 9 for evacuation
[2024-02-02T12:58:10.578+0100][gc,phases   ] GC(15)   Pre Evacuate Collection Set: 0.3ms
[2024-02-02T12:58:10.578+0100][gc,phases   ] GC(15)   Merge Heap Roots: 0.1ms
[2024-02-02T12:58:10.578+0100][gc,phases   ] GC(15)   Evacuate Collection Set: 17.7ms
[2024-02-02T12:58:10.578+0100][gc,phases   ] GC(15)   Post Evacuate Collection Set: 0.5ms
[2024-02-02T12:58:10.578+0100][gc,phases   ] GC(15)   Other: 0.2ms
[2024-02-02T12:58:10.578+0100][gc,heap     ] GC(15) Eden regions: 94->0(51)
[2024-02-02T12:58:10.578+0100][gc,heap     ] GC(15) Survivor regions: 6->8(13)
[2024-02-02T12:58:10.578+0100][gc,heap     ] GC(15) Old regions: 27->27
[2024-02-02T12:58:10.578+0100][gc,heap     ] GC(15) Humongous regions: 129->129
[2024-02-02T12:58:10.578+0100][gc,metaspace] GC(15) Metaspace: 42670K(43264K)->42670K(43264K) NonClass: 37734K(38080K)->37734K(38080K) Class: 4935K(5184K)->4935K(5184K)
[2024-02-02T12:58:10.578+0100][gc          ] GC(15) Pause Young (Normal) (G1 Evacuation Pause) 255M->163M(1024M) 19.759ms
[2024-02-02T12:58:10.578+0100][gc,cpu      ] GC(15) User=0.04s Sys=0.06s Real=0.02s
[2024-02-02T13:15:19.740+0100][gc,start    ] GC(16) Pause Young (Normal) (G1 Evacuation Pause)
[2024-02-02T13:15:19.742+0100][gc,task     ] GC(16) Using 9 workers of 9 for evacuation
[2024-02-02T13:15:19.764+0100][gc,mmu      ] GC(16) MMU target violated: 21.0ms (20.0ms/21.0ms)
[2024-02-02T13:15:19.764+0100][gc,phases   ] GC(16)   Pre Evacuate Collection Set: 0.9ms
[2024-02-02T13:15:19.764+0100][gc,phases   ] GC(16)   Merge Heap Roots: 0.2ms
[2024-02-02T13:15:19.764+0100][gc,phases   ] GC(16)   Evacuate Collection Set: 19.4ms
[2024-02-02T13:15:19.764+0100][gc,phases   ] GC(16)   Post Evacuate Collection Set: 0.6ms
[2024-02-02T13:15:19.764+0100][gc,phases   ] GC(16)   Other: 0.4ms
[2024-02-02T13:15:19.764+0100][gc,heap     ] GC(16) Eden regions: 56->0(43)
[2024-02-02T13:15:19.764+0100][gc,heap     ] GC(16) Survivor regions: 8->8(8)
[2024-02-02T13:15:19.764+0100][gc,heap     ] GC(16) Old regions: 27->30
[2024-02-02T13:15:19.764+0100][gc,heap     ] GC(16) Humongous regions: 129->129
[2024-02-02T13:15:19.764+0100][gc,metaspace] GC(16) Metaspace: 42719K(43328K)->42719K(43328K) NonClass: 37783K(38144K)->37783K(38144K) Class: 4935K(5184K)->4935K(5184K)
[2024-02-02T13:15:19.764+0100][gc          ] GC(16) Pause Young (Normal) (G1 Evacuation Pause) 219M->166M(1024M) 24.057ms
[2024-02-02T13:15:19.764+0100][gc,cpu      ] GC(16) User=0.06s Sys=0.03s Real=0.02s
[2024-02-02T13:30:57.784+0100][gc,start    ] GC(17) Pause Young (Normal) (G1 Evacuation Pause)
[2024-02-02T13:30:57.787+0100][gc,task     ] GC(17) Using 9 workers of 9 for evacuation
[2024-02-02T13:30:57.801+0100][gc,phases   ] GC(17)   Pre Evacuate Collection Set: 0.8ms
[2024-02-02T13:30:57.801+0100][gc,phases   ] GC(17)   Merge Heap Roots: 0.2ms
[2024-02-02T13:30:57.801+0100][gc,phases   ] GC(17)   Evacuate Collection Set: 12.7ms
[2024-02-02T13:30:57.801+0100][gc,phases   ] GC(17)   Post Evacuate Collection Set: 0.6ms
[2024-02-02T13:30:57.801+0100][gc,phases   ] GC(17)   Other: 0.2ms
[2024-02-02T13:30:57.801+0100][gc,heap     ] GC(17) Eden regions: 43->0(157)
[2024-02-02T13:30:57.801+0100][gc,heap     ] GC(17) Survivor regions: 8->3(7)
[2024-02-02T13:30:57.801+0100][gc,heap     ] GC(17) Old regions: 30->35
[2024-02-02T13:30:57.801+0100][gc,heap     ] GC(17) Humongous regions: 129->129
[2024-02-02T13:30:57.801+0100][gc,metaspace] GC(17) Metaspace: 42721K(43328K)->42721K(43328K) NonClass: 37785K(38144K)->37785K(38144K) Class: 4935K(5184K)->4935K(5184K)
[2024-02-02T13:30:57.801+0100][gc          ] GC(17) Pause Young (Normal) (G1 Evacuation Pause) 209M->166M(1024M) 17.014ms
[2024-02-02T13:30:57.801+0100][gc,cpu      ] GC(17) User=0.04s Sys=0.00s Real=0.02s
[2024-02-02T14:17:01.922+0100][gc,start    ] GC(18) Pause Young (Normal) (G1 Evacuation Pause)
[2024-02-02T14:17:01.925+0100][gc,task     ] GC(18) Using 9 workers of 9 for evacuation
[2024-02-02T14:17:01.961+0100][gc,mmu      ] GC(18) MMU target violated: 21.0ms (20.0ms/21.0ms)
[2024-02-02T14:17:01.961+0100][gc,phases   ] GC(18)   Pre Evacuate Collection Set: 1.7ms
[2024-02-02T14:17:01.961+0100][gc,phases   ] GC(18)   Merge Heap Roots: 0.4ms
[2024-02-02T14:17:01.961+0100][gc,phases   ] GC(18)   Evacuate Collection Set: 32.6ms
[2024-02-02T14:17:01.961+0100][gc,phases   ] GC(18)   Post Evacuate Collection Set: 0.4ms
[2024-02-02T14:17:01.961+0100][gc,phases   ] GC(18)   Other: 0.6ms
[2024-02-02T14:17:01.961+0100][gc,heap     ] GC(18) Eden regions: 161->0(46)
[2024-02-02T14:17:01.961+0100][gc,heap     ] GC(18) Survivor regions: 3->5(21)
[2024-02-02T14:17:01.961+0100][gc,heap     ] GC(18) Old regions: 35->35
[2024-02-02T14:17:01.961+0100][gc,heap     ] GC(18) Humongous regions: 129->129
[2024-02-02T14:17:01.961+0100][gc,metaspace] GC(18) Metaspace: 42809K(43456K)->42809K(43456K) NonClass: 37871K(38272K)->37871K(38272K) Class: 4937K(5184K)->4937K(5184K)
[2024-02-02T14:17:01.961+0100][gc          ] GC(18) Pause Young (Normal) (G1 Evacuation Pause) 327M->167M(1024M) 38.705ms
[2024-02-02T14:17:01.961+0100][gc,cpu      ] GC(18) User=0.03s Sys=0.06s Real=0.04s
[2024-02-02T14:27:51.289+0100][gc,start    ] GC(19) Pause Young (Normal) (G1 Evacuation Pause)
[2024-02-02T14:27:51.292+0100][gc,task     ] GC(19) Using 9 workers of 9 for evacuation
[2024-02-02T14:27:51.309+0100][gc,phases   ] GC(19)   Pre Evacuate Collection Set: 0.9ms
[2024-02-02T14:27:51.309+0100][gc,phases   ] GC(19)   Merge Heap Roots: 0.2ms
[2024-02-02T14:27:51.309+0100][gc,phases   ] GC(19)   Evacuate Collection Set: 15.2ms
[2024-02-02T14:27:51.309+0100][gc,phases   ] GC(19)   Post Evacuate Collection Set: 0.5ms
[2024-02-02T14:27:51.309+0100][gc,phases   ] GC(19)   Other: 0.3ms
[2024-02-02T14:27:51.309+0100][gc,heap     ] GC(19) Eden regions: 46->0(132)
[2024-02-02T14:27:51.309+0100][gc,heap     ] GC(19) Survivor regions: 5->3(7)
[2024-02-02T14:27:51.309+0100][gc,heap     ] GC(19) Old regions: 35->38
[2024-02-02T14:27:51.309+0100][gc,heap     ] GC(19) Humongous regions: 129->129
[2024-02-02T14:27:51.309+0100][gc,metaspace] GC(19) Metaspace: 42814K(43456K)->42814K(43456K) NonClass: 37877K(38272K)->37877K(38272K) Class: 4937K(5184K)->4937K(5184K)
[2024-02-02T14:27:51.309+0100][gc          ] GC(19) Pause Young (Normal) (G1 Evacuation Pause) 213M->168M(1024M) 19.613ms
[2024-02-02T14:27:51.309+0100][gc,cpu      ] GC(19) User=0.04s Sys=0.01s Real=0.02s
[2024-02-02T14:49:20.127+0100][gc,heap,exit] Heap
[2024-02-02T14:49:20.128+0100][gc,heap,exit]  garbage-first heap   total 1048576K, used 282329K [0x00000007c0000000, 0x0000000800000000)
[2024-02-02T14:49:20.128+0100][gc,heap,exit]   region size 1024K, 110 young (112640K), 3 survivors (3072K)
[2024-02-02T14:49:20.128+0100][gc,heap,exit]  Metaspace       used 43519K, committed 44160K, reserved 1114112K
[2024-02-02T14:49:20.128+0100][gc,heap,exit]   class space    used 5100K, committed 5376K, reserved 1048576K
