[2024-02-02T15:03:07.560+0100][gc,init] CardTable entry size: 512
[2024-02-02T15:03:07.560+0100][gc     ] Using G1
[2024-02-02T15:03:07.562+0100][gc,init] Version: 21.0.2+13-LTS (release)
[2024-02-02T15:03:07.562+0100][gc,init] CPUs: 10 total, 10 available
[2024-02-02T15:03:07.562+0100][gc,init] Memory: 16384M
[2024-02-02T15:03:07.562+0100][gc,init] Large Page Support: Disabled
[2024-02-02T15:03:07.562+0100][gc,init] NUMA Support: Disabled
[2024-02-02T15:03:07.562+0100][gc,init] Compressed Oops: Enabled (Zero based)
[2024-02-02T15:03:07.562+0100][gc,init] Heap Region Size: 1M
[2024-02-02T15:03:07.562+0100][gc,init] Heap Min Capacity: 1G
[2024-02-02T15:03:07.562+0100][gc,init] Heap Initial Capacity: 1G
[2024-02-02T15:03:07.562+0100][gc,init] Heap Max Capacity: 1G
[2024-02-02T15:03:07.562+0100][gc,init] Pre-touch: Disabled
[2024-02-02T15:03:07.562+0100][gc,init] Parallel Workers: 9
[2024-02-02T15:03:07.562+0100][gc,init] Concurrent Workers: 2
[2024-02-02T15:03:07.562+0100][gc,init] Concurrent Refinement Workers: 9
[2024-02-02T15:03:07.562+0100][gc,init] Periodic GC: Disabled
[2024-02-02T15:03:07.566+0100][gc,metaspace] CDS archive(s) mapped at: [0x000000e800000000-0x000000e800ca4000-0x000000e800ca4000), size 13254656, SharedBaseAddress: 0x000000e800000000, ArchiveRelocationMode: 1.
[2024-02-02T15:03:07.566+0100][gc,metaspace] Compressed class space mapped at: 0x000000e801000000-0x000000e841000000, reserved size: 1073741824
[2024-02-02T15:03:07.566+0100][gc,metaspace] Narrow klass base: 0x000000e800000000, Narrow klass shift: 0, Narrow klass range: 0x100000000
[2024-02-02T15:03:08.307+0100][gc,start    ] GC(0) Pause Young (Normal) (G1 Evacuation Pause)
[2024-02-02T15:03:08.307+0100][gc,task     ] GC(0) Using 9 workers of 9 for evacuation
[2024-02-02T15:03:08.310+0100][gc,phases   ] GC(0)   Pre Evacuate Collection Set: 0.1ms
[2024-02-02T15:03:08.310+0100][gc,phases   ] GC(0)   Merge Heap Roots: 0.0ms
[2024-02-02T15:03:08.310+0100][gc,phases   ] GC(0)   Evacuate Collection Set: 2.3ms
[2024-02-02T15:03:08.310+0100][gc,phases   ] GC(0)   Post Evacuate Collection Set: 0.3ms
[2024-02-02T15:03:08.310+0100][gc,phases   ] GC(0)   Other: 0.2ms
[2024-02-02T15:03:08.310+0100][gc,heap     ] GC(0) Eden regions: 51->0(44)
[2024-02-02T15:03:08.310+0100][gc,heap     ] GC(0) Survivor regions: 0->7(7)
[2024-02-02T15:03:08.310+0100][gc,heap     ] GC(0) Old regions: 2->3
[2024-02-02T15:03:08.310+0100][gc,heap     ] GC(0) Humongous regions: 0->0
[2024-02-02T15:03:08.310+0100][gc,metaspace] GC(0) Metaspace: 18387K(18560K)->18387K(18560K) NonClass: 16282K(16384K)->16282K(16384K) Class: 2105K(2176K)->2105K(2176K)
[2024-02-02T15:03:08.310+0100][gc          ] GC(0) Pause Young (Normal) (G1 Evacuation Pause) 52M->8M(1024M) 3.202ms
[2024-02-02T15:03:08.310+0100][gc,cpu      ] GC(0) User=0.01s Sys=0.00s Real=0.01s
[2024-02-02T15:03:08.425+0100][gc,start    ] GC(1) Pause Young (Concurrent Start) (Metadata GC Threshold)
[2024-02-02T15:03:08.425+0100][gc,task     ] GC(1) Using 9 workers of 9 for evacuation
[2024-02-02T15:03:08.428+0100][gc,phases   ] GC(1)   Pre Evacuate Collection Set: 0.2ms
[2024-02-02T15:03:08.428+0100][gc,phases   ] GC(1)   Merge Heap Roots: 0.0ms
[2024-02-02T15:03:08.428+0100][gc,phases   ] GC(1)   Evacuate Collection Set: 2.1ms
[2024-02-02T15:03:08.428+0100][gc,phases   ] GC(1)   Post Evacuate Collection Set: 0.3ms
[2024-02-02T15:03:08.428+0100][gc,phases   ] GC(1)   Other: 0.0ms
[2024-02-02T15:03:08.428+0100][gc,heap     ] GC(1) Eden regions: 12->0(49)
[2024-02-02T15:03:08.428+0100][gc,heap     ] GC(1) Survivor regions: 7->2(7)
[2024-02-02T15:03:08.428+0100][gc,heap     ] GC(1) Old regions: 3->10
[2024-02-02T15:03:08.428+0100][gc,heap     ] GC(1) Humongous regions: 0->0
[2024-02-02T15:03:08.428+0100][gc,metaspace] GC(1) Metaspace: 21264K(21504K)->21264K(21504K) NonClass: 18781K(18880K)->18781K(18880K) Class: 2483K(2624K)->2483K(2624K)
[2024-02-02T15:03:08.428+0100][gc          ] GC(1) Pause Young (Concurrent Start) (Metadata GC Threshold) 19M->9M(1024M) 2.774ms
[2024-02-02T15:03:08.428+0100][gc          ] GC(2) Concurrent Mark Cycle
[2024-02-02T15:03:08.428+0100][gc,cpu      ] GC(1) User=0.01s Sys=0.01s Real=0.00s
[2024-02-02T15:03:08.428+0100][gc,marking  ] GC(2) Concurrent Scan Root Regions
[2024-02-02T15:03:08.430+0100][gc,marking  ] GC(2) Concurrent Scan Root Regions 1.574ms
[2024-02-02T15:03:08.430+0100][gc,marking  ] GC(2) Concurrent Mark
[2024-02-02T15:03:08.430+0100][gc,marking  ] GC(2) Concurrent Mark From Roots
[2024-02-02T15:03:08.430+0100][gc,task     ] GC(2) Using 2 workers of 2 for marking
[2024-02-02T15:03:08.431+0100][gc,marking  ] GC(2) Concurrent Mark From Roots 0.894ms
[2024-02-02T15:03:08.431+0100][gc,marking  ] GC(2) Concurrent Preclean
[2024-02-02T15:03:08.431+0100][gc,marking  ] GC(2) Concurrent Preclean 0.009ms
[2024-02-02T15:03:08.431+0100][gc,start    ] GC(2) Pause Remark
[2024-02-02T15:03:08.432+0100][gc          ] GC(2) Pause Remark 10M->10M(1024M) 1.166ms
[2024-02-02T15:03:08.432+0100][gc,cpu      ] GC(2) User=0.01s Sys=0.00s Real=0.00s
[2024-02-02T15:03:08.432+0100][gc,marking  ] GC(2) Concurrent Mark 2.239ms
[2024-02-02T15:03:08.432+0100][gc,marking  ] GC(2) Concurrent Rebuild Remembered Sets and Scrub Regions
[2024-02-02T15:03:08.433+0100][gc,marking  ] GC(2) Concurrent Rebuild Remembered Sets and Scrub Regions 1.389ms
[2024-02-02T15:03:08.434+0100][gc,start    ] GC(2) Pause Cleanup
[2024-02-02T15:03:08.434+0100][gc          ] GC(2) Pause Cleanup 10M->10M(1024M) 0.099ms
[2024-02-02T15:03:08.434+0100][gc,cpu      ] GC(2) User=0.00s Sys=0.00s Real=0.00s
[2024-02-02T15:03:08.434+0100][gc,marking  ] GC(2) Concurrent Clear Claimed Marks
[2024-02-02T15:03:08.434+0100][gc,marking  ] GC(2) Concurrent Clear Claimed Marks 0.015ms
[2024-02-02T15:03:08.434+0100][gc,marking  ] GC(2) Concurrent Cleanup for Next Mark
[2024-02-02T15:03:08.435+0100][gc,marking  ] GC(2) Concurrent Cleanup for Next Mark 1.616ms
[2024-02-02T15:03:08.435+0100][gc          ] GC(2) Concurrent Mark Cycle 7.262ms
[2024-02-02T15:03:09.175+0100][gc,start    ] GC(3) Pause Young (Prepare Mixed) (G1 Evacuation Pause)
[2024-02-02T15:03:09.175+0100][gc,task     ] GC(3) Using 9 workers of 9 for evacuation
[2024-02-02T15:03:09.177+0100][gc,phases   ] GC(3)   Pre Evacuate Collection Set: 0.2ms
[2024-02-02T15:03:09.177+0100][gc,phases   ] GC(3)   Merge Heap Roots: 0.1ms
[2024-02-02T15:03:09.177+0100][gc,phases   ] GC(3)   Evacuate Collection Set: 1.9ms
[2024-02-02T15:03:09.177+0100][gc,phases   ] GC(3)   Post Evacuate Collection Set: 0.3ms
[2024-02-02T15:03:09.177+0100][gc,phases   ] GC(3)   Other: 0.0ms
[2024-02-02T15:03:09.177+0100][gc,heap     ] GC(3) Eden regions: 49->0(45)
[2024-02-02T15:03:09.177+0100][gc,heap     ] GC(3) Survivor regions: 2->6(7)
[2024-02-02T15:03:09.177+0100][gc,heap     ] GC(3) Old regions: 10->10
[2024-02-02T15:03:09.177+0100][gc,heap     ] GC(3) Humongous regions: 129->129
[2024-02-02T15:03:09.177+0100][gc,metaspace] GC(3) Metaspace: 30957K(31296K)->30957K(31296K) NonClass: 27519K(27712K)->27519K(27712K) Class: 3438K(3584K)->3438K(3584K)
[2024-02-02T15:03:09.177+0100][gc          ] GC(3) Pause Young (Prepare Mixed) (G1 Evacuation Pause) 187M->143M(1024M) 2.617ms
[2024-02-02T15:03:09.177+0100][gc,cpu      ] GC(3) User=0.01s Sys=0.01s Real=0.00s
[2024-02-02T15:03:09.309+0100][gc,start    ] GC(4) Pause Young (Mixed) (Metadata GC Threshold)
[2024-02-02T15:03:09.309+0100][gc,task     ] GC(4) Using 9 workers of 9 for evacuation
[2024-02-02T15:03:09.311+0100][gc,phases   ] GC(4)   Pre Evacuate Collection Set: 0.2ms
[2024-02-02T15:03:09.311+0100][gc,phases   ] GC(4)   Merge Heap Roots: 0.0ms
[2024-02-02T15:03:09.311+0100][gc,phases   ] GC(4)   Evacuate Collection Set: 2.3ms
[2024-02-02T15:03:09.311+0100][gc,phases   ] GC(4)   Post Evacuate Collection Set: 0.2ms
[2024-02-02T15:03:09.311+0100][gc,phases   ] GC(4)   Other: 0.0ms
[2024-02-02T15:03:09.311+0100][gc,heap     ] GC(4) Eden regions: 18->0(49)
[2024-02-02T15:03:09.311+0100][gc,heap     ] GC(4) Survivor regions: 6->2(7)
[2024-02-02T15:03:09.311+0100][gc,heap     ] GC(4) Old regions: 10->15
[2024-02-02T15:03:09.311+0100][gc,heap     ] GC(4) Humongous regions: 129->129
[2024-02-02T15:03:09.311+0100][gc,metaspace] GC(4) Metaspace: 35664K(35968K)->35664K(35968K) NonClass: 31778K(31936K)->31778K(31936K) Class: 3885K(4032K)->3885K(4032K)
[2024-02-02T15:03:09.311+0100][gc          ] GC(4) Pause Young (Mixed) (Metadata GC Threshold) 161M->145M(1024M) 2.884ms
[2024-02-02T15:03:09.311+0100][gc,cpu      ] GC(4) User=0.02s Sys=0.00s Real=0.01s
[2024-02-02T15:03:09.318+0100][gc,start    ] GC(5) Pause Young (Concurrent Start) (Metadata GC Threshold)
[2024-02-02T15:03:09.318+0100][gc,task     ] GC(5) Using 9 workers of 9 for evacuation
[2024-02-02T15:03:09.320+0100][gc,phases   ] GC(5)   Pre Evacuate Collection Set: 0.2ms
[2024-02-02T15:03:09.320+0100][gc,phases   ] GC(5)   Merge Heap Roots: 0.0ms
[2024-02-02T15:03:09.320+0100][gc,phases   ] GC(5)   Evacuate Collection Set: 0.9ms
[2024-02-02T15:03:09.320+0100][gc,phases   ] GC(5)   Post Evacuate Collection Set: 0.2ms
[2024-02-02T15:03:09.320+0100][gc,phases   ] GC(5)   Other: 0.0ms
[2024-02-02T15:03:09.320+0100][gc,heap     ] GC(5) Eden regions: 2->0(49)
[2024-02-02T15:03:09.320+0100][gc,heap     ] GC(5) Survivor regions: 2->2(7)
[2024-02-02T15:03:09.320+0100][gc,heap     ] GC(5) Old regions: 15->15
[2024-02-02T15:03:09.320+0100][gc,heap     ] GC(5) Humongous regions: 129->129
[2024-02-02T15:03:09.320+0100][gc,metaspace] GC(5) Metaspace: 35965K(36288K)->35965K(36288K) NonClass: 32019K(32192K)->32019K(32192K) Class: 3945K(4096K)->3945K(4096K)
[2024-02-02T15:03:09.320+0100][gc          ] GC(5) Pause Young (Concurrent Start) (Metadata GC Threshold) 147M->145M(1024M) 1.501ms
[2024-02-02T15:03:09.320+0100][gc          ] GC(6) Concurrent Mark Cycle
[2024-02-02T15:03:09.320+0100][gc,cpu      ] GC(5) User=0.00s Sys=0.00s Real=0.01s
[2024-02-02T15:03:09.320+0100][gc,marking  ] GC(6) Concurrent Scan Root Regions
[2024-02-02T15:03:09.321+0100][gc,marking  ] GC(6) Concurrent Scan Root Regions 0.871ms
[2024-02-02T15:03:09.321+0100][gc,marking  ] GC(6) Concurrent Mark
[2024-02-02T15:03:09.321+0100][gc,marking  ] GC(6) Concurrent Mark From Roots
[2024-02-02T15:03:09.321+0100][gc,task     ] GC(6) Using 2 workers of 2 for marking
[2024-02-02T15:03:09.327+0100][gc,marking  ] GC(6) Concurrent Mark From Roots 6.405ms
[2024-02-02T15:03:09.327+0100][gc,marking  ] GC(6) Concurrent Preclean
[2024-02-02T15:03:09.327+0100][gc,marking  ] GC(6) Concurrent Preclean 0.059ms
[2024-02-02T15:03:09.327+0100][gc,start    ] GC(6) Pause Remark
[2024-02-02T15:03:09.329+0100][gc          ] GC(6) Pause Remark 146M->146M(1024M) 1.337ms
[2024-02-02T15:03:09.329+0100][gc,cpu      ] GC(6) User=0.01s Sys=0.00s Real=0.00s
[2024-02-02T15:03:09.329+0100][gc,marking  ] GC(6) Concurrent Mark 8.011ms
[2024-02-02T15:03:09.329+0100][gc,marking  ] GC(6) Concurrent Rebuild Remembered Sets and Scrub Regions
[2024-02-02T15:03:09.332+0100][gc,marking  ] GC(6) Concurrent Rebuild Remembered Sets and Scrub Regions 3.172ms
[2024-02-02T15:03:09.332+0100][gc,start    ] GC(6) Pause Cleanup
[2024-02-02T15:03:09.332+0100][gc          ] GC(6) Pause Cleanup 147M->147M(1024M) 0.114ms
[2024-02-02T15:03:09.332+0100][gc,cpu      ] GC(6) User=0.00s Sys=0.00s Real=0.00s
[2024-02-02T15:03:09.332+0100][gc,marking  ] GC(6) Concurrent Clear Claimed Marks
[2024-02-02T15:03:09.332+0100][gc,marking  ] GC(6) Concurrent Clear Claimed Marks 0.030ms
[2024-02-02T15:03:09.332+0100][gc,marking  ] GC(6) Concurrent Cleanup for Next Mark
[2024-02-02T15:03:09.333+0100][gc,marking  ] GC(6) Concurrent Cleanup for Next Mark 1.070ms
[2024-02-02T15:03:09.333+0100][gc          ] GC(6) Concurrent Mark Cycle 13.515ms
[2024-02-02T15:06:59.794+0100][gc,start    ] GC(7) Pause Young (Prepare Mixed) (G1 Evacuation Pause)
[2024-02-02T15:06:59.795+0100][gc,task     ] GC(7) Using 9 workers of 9 for evacuation
[2024-02-02T15:06:59.808+0100][gc,phases   ] GC(7)   Pre Evacuate Collection Set: 10.1ms
[2024-02-02T15:06:59.808+0100][gc,phases   ] GC(7)   Merge Heap Roots: 0.1ms
[2024-02-02T15:06:59.808+0100][gc,phases   ] GC(7)   Evacuate Collection Set: 2.7ms
[2024-02-02T15:06:59.808+0100][gc,phases   ] GC(7)   Post Evacuate Collection Set: 0.4ms
[2024-02-02T15:06:59.808+0100][gc,phases   ] GC(7)   Other: 0.1ms
[2024-02-02T15:06:59.808+0100][gc,heap     ] GC(7) Eden regions: 49->0(45)
[2024-02-02T15:06:59.808+0100][gc,heap     ] GC(7) Survivor regions: 2->6(7)
[2024-02-02T15:06:59.808+0100][gc,heap     ] GC(7) Old regions: 15->15
[2024-02-02T15:06:59.808+0100][gc,heap     ] GC(7) Humongous regions: 135->129
[2024-02-02T15:06:59.808+0100][gc,metaspace] GC(7) Metaspace: 42023K(42688K)->42023K(42688K) NonClass: 37125K(37504K)->37125K(37504K) Class: 4898K(5184K)->4898K(5184K)
[2024-02-02T15:06:59.809+0100][gc          ] GC(7) Pause Young (Prepare Mixed) (G1 Evacuation Pause) 200M->148M(1024M) 14.264ms
[2024-02-02T15:06:59.809+0100][gc,cpu      ] GC(7) User=0.02s Sys=0.00s Real=0.01s
[2024-02-02T15:15:02.119+0100][gc,start    ] GC(8) Pause Young (Mixed) (G1 Evacuation Pause)
[2024-02-02T15:15:02.121+0100][gc,task     ] GC(8) Using 9 workers of 9 for evacuation
[2024-02-02T15:15:02.145+0100][gc,mmu      ] GC(8) MMU target violated: 21.0ms (20.0ms/21.0ms)
[2024-02-02T15:15:02.145+0100][gc,phases   ] GC(8)   Pre Evacuate Collection Set: 0.8ms
[2024-02-02T15:15:02.145+0100][gc,phases   ] GC(8)   Merge Heap Roots: 0.3ms
[2024-02-02T15:15:02.145+0100][gc,phases   ] GC(8)   Evacuate Collection Set: 22.4ms
[2024-02-02T15:15:02.145+0100][gc,phases   ] GC(8)   Post Evacuate Collection Set: 0.4ms
[2024-02-02T15:15:02.145+0100][gc,phases   ] GC(8)   Other: 0.2ms
[2024-02-02T15:15:02.145+0100][gc,heap     ] GC(8) Eden regions: 45->0(46)
[2024-02-02T15:15:02.145+0100][gc,heap     ] GC(8) Survivor regions: 6->5(7)
[2024-02-02T15:15:02.145+0100][gc,heap     ] GC(8) Old regions: 15->16
[2024-02-02T15:15:02.145+0100][gc,heap     ] GC(8) Humongous regions: 129->129
[2024-02-02T15:15:02.145+0100][gc,metaspace] GC(8) Metaspace: 42279K(42944K)->42279K(42944K) NonClass: 37354K(37760K)->37354K(37760K) Class: 4925K(5184K)->4925K(5184K)
[2024-02-02T15:15:02.145+0100][gc          ] GC(8) Pause Young (Mixed) (G1 Evacuation Pause) 193M->149M(1024M) 26.200ms
[2024-02-02T15:15:02.145+0100][gc,cpu      ] GC(8) User=0.04s Sys=0.01s Real=0.03s
[2024-02-02T15:24:39.840+0100][gc,start    ] GC(9) Pause Young (Normal) (G1 Evacuation Pause)
[2024-02-02T15:24:39.842+0100][gc,task     ] GC(9) Using 9 workers of 9 for evacuation
[2024-02-02T15:24:39.862+0100][gc,mmu      ] GC(9) MMU target violated: 20.4ms (20.0ms/21.0ms)
[2024-02-02T15:24:39.862+0100][gc,phases   ] GC(9)   Pre Evacuate Collection Set: 2.5ms
[2024-02-02T15:24:39.862+0100][gc,phases   ] GC(9)   Merge Heap Roots: 0.7ms
[2024-02-02T15:24:39.862+0100][gc,phases   ] GC(9)   Evacuate Collection Set: 16.7ms
[2024-02-02T15:24:39.862+0100][gc,phases   ] GC(9)   Post Evacuate Collection Set: 0.5ms
[2024-02-02T15:24:39.862+0100][gc,phases   ] GC(9)   Other: 0.2ms
[2024-02-02T15:24:39.862+0100][gc,heap     ] GC(9) Eden regions: 46->0(47)
[2024-02-02T15:24:39.862+0100][gc,heap     ] GC(9) Survivor regions: 5->4(7)
[2024-02-02T15:24:39.862+0100][gc,heap     ] GC(9) Old regions: 16->19
[2024-02-02T15:24:39.862+0100][gc,heap     ] GC(9) Humongous regions: 129->129
[2024-02-02T15:24:39.862+0100][gc,metaspace] GC(9) Metaspace: 42336K(43008K)->42336K(43008K) NonClass: 37411K(37824K)->37411K(37824K) Class: 4925K(5184K)->4925K(5184K)
[2024-02-02T15:24:39.862+0100][gc          ] GC(9) Pause Young (Normal) (G1 Evacuation Pause) 195M->150M(1024M) 22.213ms
[2024-02-02T15:24:39.862+0100][gc,cpu      ] GC(9) User=0.04s Sys=0.01s Real=0.02s
[2024-02-02T15:35:07.612+0100][gc,start    ] GC(10) Pause Young (Normal) (G1 Evacuation Pause)
[2024-02-02T15:35:07.614+0100][gc,task     ] GC(10) Using 9 workers of 9 for evacuation
[2024-02-02T15:35:07.630+0100][gc,phases   ] GC(10)   Pre Evacuate Collection Set: 0.7ms
[2024-02-02T15:35:07.630+0100][gc,phases   ] GC(10)   Merge Heap Roots: 0.2ms
[2024-02-02T15:35:07.630+0100][gc,phases   ] GC(10)   Evacuate Collection Set: 14.6ms
[2024-02-02T15:35:07.630+0100][gc,phases   ] GC(10)   Post Evacuate Collection Set: 0.4ms
[2024-02-02T15:35:07.630+0100][gc,phases   ] GC(10)   Other: 0.2ms
[2024-02-02T15:35:07.630+0100][gc,heap     ] GC(10) Eden regions: 47->0(48)
[2024-02-02T15:35:07.630+0100][gc,heap     ] GC(10) Survivor regions: 4->3(7)
[2024-02-02T15:35:07.630+0100][gc,heap     ] GC(10) Old regions: 19->19
[2024-02-02T15:35:07.630+0100][gc,heap     ] GC(10) Humongous regions: 129->129
[2024-02-02T15:35:07.630+0100][gc,metaspace] GC(10) Metaspace: 42391K(43008K)->42391K(43008K) NonClass: 37466K(37824K)->37466K(37824K) Class: 4925K(5184K)->4925K(5184K)
[2024-02-02T15:35:07.630+0100][gc          ] GC(10) Pause Young (Normal) (G1 Evacuation Pause) 197M->150M(1024M) 18.228ms
[2024-02-02T15:35:07.630+0100][gc,cpu      ] GC(10) User=0.02s Sys=0.00s Real=0.02s
[2024-02-02T15:46:06.545+0100][gc,start    ] GC(11) Pause Young (Normal) (G1 Evacuation Pause)
[2024-02-02T15:46:06.547+0100][gc,task     ] GC(11) Using 9 workers of 9 for evacuation
[2024-02-02T15:46:06.564+0100][gc,phases   ] GC(11)   Pre Evacuate Collection Set: 0.7ms
[2024-02-02T15:46:06.564+0100][gc,phases   ] GC(11)   Merge Heap Roots: 0.1ms
[2024-02-02T15:46:06.564+0100][gc,phases   ] GC(11)   Evacuate Collection Set: 15.4ms
[2024-02-02T15:46:06.564+0100][gc,phases   ] GC(11)   Post Evacuate Collection Set: 0.4ms
[2024-02-02T15:46:06.564+0100][gc,phases   ] GC(11)   Other: 0.2ms
[2024-02-02T15:46:06.564+0100][gc,heap     ] GC(11) Eden regions: 48->0(47)
[2024-02-02T15:46:06.564+0100][gc,heap     ] GC(11) Survivor regions: 3->4(7)
[2024-02-02T15:46:06.564+0100][gc,heap     ] GC(11) Old regions: 19->19
[2024-02-02T15:46:06.564+0100][gc,heap     ] GC(11) Humongous regions: 129->129
[2024-02-02T15:46:06.564+0100][gc,metaspace] GC(11) Metaspace: 42444K(43072K)->42444K(43072K) NonClass: 37519K(37888K)->37519K(37888K) Class: 4925K(5184K)->4925K(5184K)
[2024-02-02T15:46:06.564+0100][gc          ] GC(11) Pause Young (Normal) (G1 Evacuation Pause) 198M->151M(1024M) 18.505ms
[2024-02-02T15:46:06.564+0100][gc,cpu      ] GC(11) User=0.03s Sys=0.00s Real=0.02s
[2024-02-02T15:52:37.149+0100][gc,heap,exit] Heap
[2024-02-02T15:52:37.149+0100][gc,heap,exit]  garbage-first heap   total 1048576K, used 193781K [0x00000007c0000000, 0x0000000800000000)
[2024-02-02T15:52:37.149+0100][gc,heap,exit]   region size 1024K, 42 young (43008K), 4 survivors (4096K)
[2024-02-02T15:52:37.149+0100][gc,heap,exit]  Metaspace       used 43115K, committed 43840K, reserved 1114112K
[2024-02-02T15:52:37.149+0100][gc,heap,exit]   class space    used 5084K, committed 5376K, reserved 1048576K
