[2024-02-02T16:05:02.931+0100][gc,init] CardTable entry size: 512
[2024-02-02T16:05:02.931+0100][gc     ] Using G1
[2024-02-02T16:05:02.932+0100][gc,init] Version: 21.0.2+13-LTS (release)
[2024-02-02T16:05:02.932+0100][gc,init] CPUs: 10 total, 10 available
[2024-02-02T16:05:02.932+0100][gc,init] Memory: 16384M
[2024-02-02T16:05:02.932+0100][gc,init] Large Page Support: Disabled
[2024-02-02T16:05:02.932+0100][gc,init] NUMA Support: Disabled
[2024-02-02T16:05:02.932+0100][gc,init] Compressed Oops: Enabled (Zero based)
[2024-02-02T16:05:02.932+0100][gc,init] Heap Region Size: 1M
[2024-02-02T16:05:02.932+0100][gc,init] Heap Min Capacity: 1G
[2024-02-02T16:05:02.932+0100][gc,init] Heap Initial Capacity: 1G
[2024-02-02T16:05:02.932+0100][gc,init] Heap Max Capacity: 1G
[2024-02-02T16:05:02.932+0100][gc,init] Pre-touch: Disabled
[2024-02-02T16:05:02.932+0100][gc,init] Parallel Workers: 9
[2024-02-02T16:05:02.932+0100][gc,init] Concurrent Workers: 2
[2024-02-02T16:05:02.932+0100][gc,init] Concurrent Refinement Workers: 9
[2024-02-02T16:05:02.932+0100][gc,init] Periodic GC: Disabled
[2024-02-02T16:05:02.936+0100][gc,metaspace] CDS archive(s) mapped at: [0x000000f800000000-0x000000f800ca4000-0x000000f800ca4000), size 13254656, SharedBaseAddress: 0x000000f800000000, ArchiveRelocationMode: 1.
[2024-02-02T16:05:02.936+0100][gc,metaspace] Compressed class space mapped at: 0x000000f801000000-0x000000f841000000, reserved size: 1073741824
[2024-02-02T16:05:02.936+0100][gc,metaspace] Narrow klass base: 0x000000f800000000, Narrow klass shift: 0, Narrow klass range: 0x100000000
[2024-02-02T16:05:03.615+0100][gc,start    ] GC(0) Pause Young (Normal) (G1 Evacuation Pause)
[2024-02-02T16:05:03.615+0100][gc,task     ] GC(0) Using 9 workers of 9 for evacuation
[2024-02-02T16:05:03.618+0100][gc,phases   ] GC(0)   Pre Evacuate Collection Set: 0.2ms
[2024-02-02T16:05:03.618+0100][gc,phases   ] GC(0)   Merge Heap Roots: 0.0ms
[2024-02-02T16:05:03.618+0100][gc,phases   ] GC(0)   Evacuate Collection Set: 2.3ms
[2024-02-02T16:05:03.618+0100][gc,phases   ] GC(0)   Post Evacuate Collection Set: 0.3ms
[2024-02-02T16:05:03.618+0100][gc,phases   ] GC(0)   Other: 0.2ms
[2024-02-02T16:05:03.618+0100][gc,heap     ] GC(0) Eden regions: 51->0(44)
[2024-02-02T16:05:03.618+0100][gc,heap     ] GC(0) Survivor regions: 0->7(7)
[2024-02-02T16:05:03.618+0100][gc,heap     ] GC(0) Old regions: 2->3
[2024-02-02T16:05:03.618+0100][gc,heap     ] GC(0) Humongous regions: 0->0
[2024-02-02T16:05:03.618+0100][gc,metaspace] GC(0) Metaspace: 18339K(18496K)->18339K(18496K) NonClass: 16239K(16320K)->16239K(16320K) Class: 2100K(2176K)->2100K(2176K)
[2024-02-02T16:05:03.618+0100][gc          ] GC(0) Pause Young (Normal) (G1 Evacuation Pause) 52M->8M(1024M) 3.307ms
[2024-02-02T16:05:03.618+0100][gc,cpu      ] GC(0) User=0.01s Sys=0.01s Real=0.00s
[2024-02-02T16:05:03.719+0100][gc,start    ] GC(1) Pause Young (Concurrent Start) (Metadata GC Threshold)
[2024-02-02T16:05:03.719+0100][gc,task     ] GC(1) Using 9 workers of 9 for evacuation
[2024-02-02T16:05:03.721+0100][gc,phases   ] GC(1)   Pre Evacuate Collection Set: 0.2ms
[2024-02-02T16:05:03.721+0100][gc,phases   ] GC(1)   Merge Heap Roots: 0.0ms
[2024-02-02T16:05:03.721+0100][gc,phases   ] GC(1)   Evacuate Collection Set: 1.8ms
[2024-02-02T16:05:03.721+0100][gc,phases   ] GC(1)   Post Evacuate Collection Set: 0.2ms
[2024-02-02T16:05:03.721+0100][gc,phases   ] GC(1)   Other: 0.0ms
[2024-02-02T16:05:03.721+0100][gc,heap     ] GC(1) Eden regions: 12->0(49)
[2024-02-02T16:05:03.721+0100][gc,heap     ] GC(1) Survivor regions: 7->2(7)
[2024-02-02T16:05:03.721+0100][gc,heap     ] GC(1) Old regions: 3->10
[2024-02-02T16:05:03.721+0100][gc,heap     ] GC(1) Humongous regions: 0->0
[2024-02-02T16:05:03.721+0100][gc,metaspace] GC(1) Metaspace: 21258K(21504K)->21258K(21504K) NonClass: 18771K(18880K)->18771K(18880K) Class: 2486K(2624K)->2486K(2624K)
[2024-02-02T16:05:03.721+0100][gc          ] GC(1) Pause Young (Concurrent Start) (Metadata GC Threshold) 19M->10M(1024M) 2.384ms
[2024-02-02T16:05:03.721+0100][gc          ] GC(2) Concurrent Mark Cycle
[2024-02-02T16:05:03.721+0100][gc,cpu      ] GC(1) User=0.01s Sys=0.00s Real=0.01s
[2024-02-02T16:05:03.721+0100][gc,marking  ] GC(2) Concurrent Scan Root Regions
[2024-02-02T16:05:03.723+0100][gc,marking  ] GC(2) Concurrent Scan Root Regions 1.521ms
[2024-02-02T16:05:03.723+0100][gc,marking  ] GC(2) Concurrent Mark
[2024-02-02T16:05:03.723+0100][gc,marking  ] GC(2) Concurrent Mark From Roots
[2024-02-02T16:05:03.723+0100][gc,task     ] GC(2) Using 2 workers of 2 for marking
[2024-02-02T16:05:03.724+0100][gc,marking  ] GC(2) Concurrent Mark From Roots 1.073ms
[2024-02-02T16:05:03.724+0100][gc,marking  ] GC(2) Concurrent Preclean
[2024-02-02T16:05:03.724+0100][gc,marking  ] GC(2) Concurrent Preclean 0.008ms
[2024-02-02T16:05:03.724+0100][gc,start    ] GC(2) Pause Remark
[2024-02-02T16:05:03.725+0100][gc          ] GC(2) Pause Remark 11M->11M(1024M) 1.039ms
[2024-02-02T16:05:03.725+0100][gc,cpu      ] GC(2) User=0.01s Sys=0.00s Real=0.00s
[2024-02-02T16:05:03.725+0100][gc,marking  ] GC(2) Concurrent Mark 2.315ms
[2024-02-02T16:05:03.725+0100][gc,marking  ] GC(2) Concurrent Rebuild Remembered Sets and Scrub Regions
[2024-02-02T16:05:03.727+0100][gc,marking  ] GC(2) Concurrent Rebuild Remembered Sets and Scrub Regions 1.449ms
[2024-02-02T16:05:03.727+0100][gc,start    ] GC(2) Pause Cleanup
[2024-02-02T16:05:03.727+0100][gc          ] GC(2) Pause Cleanup 11M->11M(1024M) 0.099ms
[2024-02-02T16:05:03.727+0100][gc,cpu      ] GC(2) User=0.00s Sys=0.00s Real=0.00s
[2024-02-02T16:05:03.727+0100][gc,marking  ] GC(2) Concurrent Clear Claimed Marks
[2024-02-02T16:05:03.727+0100][gc,marking  ] GC(2) Concurrent Clear Claimed Marks 0.012ms
[2024-02-02T16:05:03.727+0100][gc,marking  ] GC(2) Concurrent Cleanup for Next Mark
[2024-02-02T16:05:03.728+0100][gc,marking  ] GC(2) Concurrent Cleanup for Next Mark 1.284ms
[2024-02-02T16:05:03.728+0100][gc          ] GC(2) Concurrent Mark Cycle 6.851ms
[2024-02-02T16:05:04.157+0100][gc,start    ] GC(3) Pause Young (Prepare Mixed) (G1 Evacuation Pause)
[2024-02-02T16:05:04.157+0100][gc,task     ] GC(3) Using 9 workers of 9 for evacuation
[2024-02-02T16:05:04.159+0100][gc,phases   ] GC(3)   Pre Evacuate Collection Set: 0.2ms
[2024-02-02T16:05:04.159+0100][gc,phases   ] GC(3)   Merge Heap Roots: 0.1ms
[2024-02-02T16:05:04.159+0100][gc,phases   ] GC(3)   Evacuate Collection Set: 1.8ms
[2024-02-02T16:05:04.159+0100][gc,phases   ] GC(3)   Post Evacuate Collection Set: 0.3ms
[2024-02-02T16:05:04.159+0100][gc,phases   ] GC(3)   Other: 0.0ms
[2024-02-02T16:05:04.159+0100][gc,heap     ] GC(3) Eden regions: 49->0(45)
[2024-02-02T16:05:04.159+0100][gc,heap     ] GC(3) Survivor regions: 2->6(7)
[2024-02-02T16:05:04.159+0100][gc,heap     ] GC(3) Old regions: 10->10
[2024-02-02T16:05:04.159+0100][gc,heap     ] GC(3) Humongous regions: 129->129
[2024-02-02T16:05:04.159+0100][gc,metaspace] GC(3) Metaspace: 31146K(31488K)->31146K(31488K) NonClass: 27673K(27904K)->27673K(27904K) Class: 3473K(3584K)->3473K(3584K)
[2024-02-02T16:05:04.159+0100][gc          ] GC(3) Pause Young (Prepare Mixed) (G1 Evacuation Pause) 188M->143M(1024M) 2.431ms
[2024-02-02T16:05:04.159+0100][gc,cpu      ] GC(3) User=0.01s Sys=0.00s Real=0.00s
[2024-02-02T16:05:04.270+0100][gc,start    ] GC(4) Pause Young (Mixed) (Metadata GC Threshold)
[2024-02-02T16:05:04.271+0100][gc,task     ] GC(4) Using 9 workers of 9 for evacuation
[2024-02-02T16:05:04.273+0100][gc,phases   ] GC(4)   Pre Evacuate Collection Set: 0.1ms
[2024-02-02T16:05:04.273+0100][gc,phases   ] GC(4)   Merge Heap Roots: 0.0ms
[2024-02-02T16:05:04.273+0100][gc,phases   ] GC(4)   Evacuate Collection Set: 2.1ms
[2024-02-02T16:05:04.273+0100][gc,phases   ] GC(4)   Post Evacuate Collection Set: 0.2ms
[2024-02-02T16:05:04.273+0100][gc,phases   ] GC(4)   Other: 0.0ms
[2024-02-02T16:05:04.273+0100][gc,heap     ] GC(4) Eden regions: 18->0(49)
[2024-02-02T16:05:04.273+0100][gc,heap     ] GC(4) Survivor regions: 6->2(7)
[2024-02-02T16:05:04.273+0100][gc,heap     ] GC(4) Old regions: 10->15
[2024-02-02T16:05:04.273+0100][gc,heap     ] GC(4) Humongous regions: 129->129
[2024-02-02T16:05:04.273+0100][gc,metaspace] GC(4) Metaspace: 35713K(36096K)->35713K(36096K) NonClass: 31808K(32000K)->31808K(32000K) Class: 3905K(4096K)->3905K(4096K)
[2024-02-02T16:05:04.273+0100][gc          ] GC(4) Pause Young (Mixed) (Metadata GC Threshold) 160M->145M(1024M) 2.714ms
[2024-02-02T16:05:04.273+0100][gc,cpu      ] GC(4) User=0.02s Sys=0.00s Real=0.00s
[2024-02-02T16:05:04.287+0100][gc,start    ] GC(5) Pause Young (Concurrent Start) (Metadata GC Threshold)
[2024-02-02T16:05:04.288+0100][gc,task     ] GC(5) Using 9 workers of 9 for evacuation
[2024-02-02T16:05:04.289+0100][gc,phases   ] GC(5)   Pre Evacuate Collection Set: 0.1ms
[2024-02-02T16:05:04.289+0100][gc,phases   ] GC(5)   Merge Heap Roots: 0.1ms
[2024-02-02T16:05:04.289+0100][gc,phases   ] GC(5)   Evacuate Collection Set: 0.8ms
[2024-02-02T16:05:04.289+0100][gc,phases   ] GC(5)   Post Evacuate Collection Set: 0.2ms
[2024-02-02T16:05:04.289+0100][gc,phases   ] GC(5)   Other: 0.0ms
[2024-02-02T16:05:04.289+0100][gc,heap     ] GC(5) Eden regions: 3->0(49)
[2024-02-02T16:05:04.289+0100][gc,heap     ] GC(5) Survivor regions: 2->2(7)
[2024-02-02T16:05:04.289+0100][gc,heap     ] GC(5) Old regions: 15->15
[2024-02-02T16:05:04.289+0100][gc,heap     ] GC(5) Humongous regions: 129->129
[2024-02-02T16:05:04.289+0100][gc,metaspace] GC(5) Metaspace: 36092K(36416K)->36092K(36416K) NonClass: 32104K(32256K)->32104K(32256K) Class: 3988K(4160K)->3988K(4160K)
[2024-02-02T16:05:04.289+0100][gc          ] GC(5) Pause Young (Concurrent Start) (Metadata GC Threshold) 148M->145M(1024M) 1.291ms
[2024-02-02T16:05:04.289+0100][gc          ] GC(6) Concurrent Mark Cycle
[2024-02-02T16:05:04.289+0100][gc,cpu      ] GC(5) User=0.01s Sys=0.00s Real=0.00s
[2024-02-02T16:05:04.289+0100][gc,marking  ] GC(6) Concurrent Scan Root Regions
[2024-02-02T16:05:04.290+0100][gc,marking  ] GC(6) Concurrent Scan Root Regions 0.904ms
[2024-02-02T16:05:04.290+0100][gc,marking  ] GC(6) Concurrent Mark
[2024-02-02T16:05:04.290+0100][gc,marking  ] GC(6) Concurrent Mark From Roots
[2024-02-02T16:05:04.290+0100][gc,task     ] GC(6) Using 2 workers of 2 for marking
[2024-02-02T16:05:04.296+0100][gc,marking  ] GC(6) Concurrent Mark From Roots 6.581ms
[2024-02-02T16:05:04.296+0100][gc,marking  ] GC(6) Concurrent Preclean
[2024-02-02T16:05:04.296+0100][gc,marking  ] GC(6) Concurrent Preclean 0.045ms
[2024-02-02T16:05:04.296+0100][gc,start    ] GC(6) Pause Remark
[2024-02-02T16:05:04.298+0100][gc          ] GC(6) Pause Remark 147M->147M(1024M) 1.113ms
[2024-02-02T16:05:04.300+0100][gc,cpu      ] GC(6) User=0.01s Sys=0.00s Real=0.01s
[2024-02-02T16:05:04.300+0100][gc,marking  ] GC(6) Concurrent Mark 10.693ms
[2024-02-02T16:05:04.300+0100][gc,marking  ] GC(6) Concurrent Rebuild Remembered Sets and Scrub Regions
[2024-02-02T16:05:04.303+0100][gc,marking  ] GC(6) Concurrent Rebuild Remembered Sets and Scrub Regions 3.056ms
[2024-02-02T16:05:04.304+0100][gc,start    ] GC(6) Pause Cleanup
[2024-02-02T16:05:04.304+0100][gc          ] GC(6) Pause Cleanup 147M->147M(1024M) 0.101ms
[2024-02-02T16:05:04.304+0100][gc,cpu      ] GC(6) User=0.00s Sys=0.00s Real=0.00s
[2024-02-02T16:05:04.304+0100][gc,marking  ] GC(6) Concurrent Clear Claimed Marks
[2024-02-02T16:05:04.304+0100][gc,marking  ] GC(6) Concurrent Clear Claimed Marks 0.026ms
[2024-02-02T16:05:04.304+0100][gc,marking  ] GC(6) Concurrent Cleanup for Next Mark
[2024-02-02T16:05:04.305+0100][gc,marking  ] GC(6) Concurrent Cleanup for Next Mark 0.979ms
[2024-02-02T16:05:04.305+0100][gc          ] GC(6) Concurrent Mark Cycle 15.937ms
[2024-02-02T16:09:26.474+0100][gc,start    ] GC(7) Pause Young (Prepare Mixed) (G1 Evacuation Pause)
[2024-02-02T16:09:26.477+0100][gc,task     ] GC(7) Using 9 workers of 9 for evacuation
[2024-02-02T16:09:26.500+0100][gc,mmu      ] GC(7) MMU target violated: 21.0ms (20.0ms/21.0ms)
[2024-02-02T16:09:26.500+0100][gc,phases   ] GC(7)   Pre Evacuate Collection Set: 0.8ms
[2024-02-02T16:09:26.500+0100][gc,phases   ] GC(7)   Merge Heap Roots: 0.5ms
[2024-02-02T16:09:26.500+0100][gc,phases   ] GC(7)   Evacuate Collection Set: 21.0ms
[2024-02-02T16:09:26.500+0100][gc,phases   ] GC(7)   Post Evacuate Collection Set: 0.5ms
[2024-02-02T16:09:26.500+0100][gc,phases   ] GC(7)   Other: 0.2ms
[2024-02-02T16:09:26.500+0100][gc,heap     ] GC(7) Eden regions: 49->0(45)
[2024-02-02T16:09:26.500+0100][gc,heap     ] GC(7) Survivor regions: 2->6(7)
[2024-02-02T16:09:26.500+0100][gc,heap     ] GC(7) Old regions: 15->15
[2024-02-02T16:09:26.500+0100][gc,heap     ] GC(7) Humongous regions: 135->129
[2024-02-02T16:09:26.500+0100][gc,metaspace] GC(7) Metaspace: 41850K(42432K)->41850K(42432K) NonClass: 36980K(37312K)->36980K(37312K) Class: 4869K(5120K)->4869K(5120K)
[2024-02-02T16:09:26.500+0100][gc          ] GC(7) Pause Young (Prepare Mixed) (G1 Evacuation Pause) 200M->149M(1024M) 25.814ms
[2024-02-02T16:09:26.500+0100][gc,cpu      ] GC(7) User=0.03s Sys=0.00s Real=0.03s
[2024-02-02T16:17:39.782+0100][gc,start    ] GC(8) Pause Young (Mixed) (G1 Evacuation Pause)
[2024-02-02T16:17:39.784+0100][gc,task     ] GC(8) Using 9 workers of 9 for evacuation
[2024-02-02T16:17:39.803+0100][gc,phases   ] GC(8)   Pre Evacuate Collection Set: 0.6ms
[2024-02-02T16:17:39.803+0100][gc,phases   ] GC(8)   Merge Heap Roots: 0.1ms
[2024-02-02T16:17:39.803+0100][gc,phases   ] GC(8)   Evacuate Collection Set: 18.0ms
[2024-02-02T16:17:39.803+0100][gc,phases   ] GC(8)   Post Evacuate Collection Set: 0.3ms
[2024-02-02T16:17:39.803+0100][gc,phases   ] GC(8)   Other: 0.1ms
[2024-02-02T16:17:39.803+0100][gc,heap     ] GC(8) Eden regions: 45->0(45)
[2024-02-02T16:17:39.803+0100][gc,heap     ] GC(8) Survivor regions: 6->6(7)
[2024-02-02T16:17:39.803+0100][gc,heap     ] GC(8) Old regions: 15->17
[2024-02-02T16:17:39.803+0100][gc,heap     ] GC(8) Humongous regions: 129->129
[2024-02-02T16:17:39.803+0100][gc,metaspace] GC(8) Metaspace: 42079K(42752K)->42079K(42752K) NonClass: 37177K(37568K)->37177K(37568K) Class: 4902K(5184K)->4902K(5184K)
[2024-02-02T16:17:39.803+0100][gc          ] GC(8) Pause Young (Mixed) (G1 Evacuation Pause) 194M->150M(1024M) 21.269ms
[2024-02-02T16:17:39.803+0100][gc,cpu      ] GC(8) User=0.04s Sys=0.00s Real=0.02s
[2024-02-02T16:27:09.778+0100][gc,start    ] GC(9) Pause Young (Normal) (G1 Evacuation Pause)
[2024-02-02T16:27:09.780+0100][gc,task     ] GC(9) Using 9 workers of 9 for evacuation
[2024-02-02T16:27:09.795+0100][gc,phases   ] GC(9)   Pre Evacuate Collection Set: 1.0ms
[2024-02-02T16:27:09.795+0100][gc,phases   ] GC(9)   Merge Heap Roots: 0.2ms
[2024-02-02T16:27:09.795+0100][gc,phases   ] GC(9)   Evacuate Collection Set: 13.1ms
[2024-02-02T16:27:09.795+0100][gc,phases   ] GC(9)   Post Evacuate Collection Set: 0.5ms
[2024-02-02T16:27:09.795+0100][gc,phases   ] GC(9)   Other: 0.2ms
[2024-02-02T16:27:09.795+0100][gc,heap     ] GC(9) Eden regions: 45->0(48)
[2024-02-02T16:27:09.795+0100][gc,heap     ] GC(9) Survivor regions: 6->3(7)
[2024-02-02T16:27:09.795+0100][gc,heap     ] GC(9) Old regions: 17->19
[2024-02-02T16:27:09.795+0100][gc,heap     ] GC(9) Humongous regions: 129->129
[2024-02-02T16:27:09.795+0100][gc,metaspace] GC(9) Metaspace: 42169K(42880K)->42169K(42880K) NonClass: 37266K(37696K)->37266K(37696K) Class: 4903K(5184K)->4903K(5184K)
[2024-02-02T16:27:09.795+0100][gc          ] GC(9) Pause Young (Normal) (G1 Evacuation Pause) 195M->149M(1024M) 17.582ms
[2024-02-02T16:27:09.795+0100][gc,cpu      ] GC(9) User=0.04s Sys=0.01s Real=0.02s
[2024-02-02T16:31:58.989+0100][gc,heap,exit] Heap
[2024-02-02T16:31:58.990+0100][gc,heap,exit]  garbage-first heap   total 1048576K, used 186815K [0x00000007c0000000, 0x0000000800000000)
[2024-02-02T16:31:58.990+0100][gc,heap,exit]   region size 1024K, 36 young (36864K), 3 survivors (3072K)
[2024-02-02T16:31:58.990+0100][gc,heap,exit]  Metaspace       used 42945K, committed 43584K, reserved 1114112K
[2024-02-02T16:31:58.990+0100][gc,heap,exit]   class space    used 5080K, committed 5376K, reserved 1048576K
