[2024-02-02T16:34:51.190+0100][gc,init] CardTable entry size: 512
[2024-02-02T16:34:51.191+0100][gc     ] Using G1
[2024-02-02T16:34:51.192+0100][gc,init] Version: 21.0.2+13-LTS (release)
[2024-02-02T16:34:51.192+0100][gc,init] CPUs: 10 total, 10 available
[2024-02-02T16:34:51.192+0100][gc,init] Memory: 16384M
[2024-02-02T16:34:51.192+0100][gc,init] Large Page Support: Disabled
[2024-02-02T16:34:51.192+0100][gc,init] NUMA Support: Disabled
[2024-02-02T16:34:51.192+0100][gc,init] Compressed Oops: Enabled (Zero based)
[2024-02-02T16:34:51.192+0100][gc,init] Heap Region Size: 1M
[2024-02-02T16:34:51.192+0100][gc,init] Heap Min Capacity: 1G
[2024-02-02T16:34:51.192+0100][gc,init] Heap Initial Capacity: 1G
[2024-02-02T16:34:51.192+0100][gc,init] Heap Max Capacity: 1G
[2024-02-02T16:34:51.192+0100][gc,init] Pre-touch: Disabled
[2024-02-02T16:34:51.192+0100][gc,init] Parallel Workers: 9
[2024-02-02T16:34:51.192+0100][gc,init] Concurrent Workers: 2
[2024-02-02T16:34:51.192+0100][gc,init] Concurrent Refinement Workers: 9
[2024-02-02T16:34:51.192+0100][gc,init] Periodic GC: Disabled
[2024-02-02T16:34:51.197+0100][gc,metaspace] CDS archive(s) mapped at: [0x0000007000000000-0x0000007000ca4000-0x0000007000ca4000), size 13254656, SharedBaseAddress: 0x0000007000000000, ArchiveRelocationMode: 1.
[2024-02-02T16:34:51.197+0100][gc,metaspace] Compressed class space mapped at: 0x0000007001000000-0x0000007041000000, reserved size: 1073741824
[2024-02-02T16:34:51.197+0100][gc,metaspace] Narrow klass base: 0x0000007000000000, Narrow klass shift: 0, Narrow klass range: 0x100000000
[2024-02-02T16:34:52.055+0100][gc,start    ] GC(0) Pause Young (Normal) (G1 Evacuation Pause)
[2024-02-02T16:34:52.055+0100][gc,task     ] GC(0) Using 9 workers of 9 for evacuation
[2024-02-02T16:34:52.058+0100][gc,phases   ] GC(0)   Pre Evacuate Collection Set: 0.2ms
[2024-02-02T16:34:52.058+0100][gc,phases   ] GC(0)   Merge Heap Roots: 0.0ms
[2024-02-02T16:34:52.058+0100][gc,phases   ] GC(0)   Evacuate Collection Set: 2.3ms
[2024-02-02T16:34:52.058+0100][gc,phases   ] GC(0)   Post Evacuate Collection Set: 0.4ms
[2024-02-02T16:34:52.058+0100][gc,phases   ] GC(0)   Other: 0.3ms
[2024-02-02T16:34:52.058+0100][gc,heap     ] GC(0) Eden regions: 51->0(44)
[2024-02-02T16:34:52.058+0100][gc,heap     ] GC(0) Survivor regions: 0->7(7)
[2024-02-02T16:34:52.058+0100][gc,heap     ] GC(0) Old regions: 2->3
[2024-02-02T16:34:52.058+0100][gc,heap     ] GC(0) Humongous regions: 0->0
[2024-02-02T16:34:52.058+0100][gc,metaspace] GC(0) Metaspace: 18385K(18560K)->18385K(18560K) NonClass: 16281K(16384K)->16281K(16384K) Class: 2104K(2176K)->2104K(2176K)
[2024-02-02T16:34:52.058+0100][gc          ] GC(0) Pause Young (Normal) (G1 Evacuation Pause) 52M->8M(1024M) 3.359ms
[2024-02-02T16:34:52.058+0100][gc,cpu      ] GC(0) User=0.01s Sys=0.00s Real=0.00s
[2024-02-02T16:34:52.158+0100][gc,start    ] GC(1) Pause Young (Concurrent Start) (Metadata GC Threshold)
[2024-02-02T16:34:52.158+0100][gc,task     ] GC(1) Using 9 workers of 9 for evacuation
[2024-02-02T16:34:52.160+0100][gc,phases   ] GC(1)   Pre Evacuate Collection Set: 0.2ms
[2024-02-02T16:34:52.160+0100][gc,phases   ] GC(1)   Merge Heap Roots: 0.0ms
[2024-02-02T16:34:52.160+0100][gc,phases   ] GC(1)   Evacuate Collection Set: 1.8ms
[2024-02-02T16:34:52.160+0100][gc,phases   ] GC(1)   Post Evacuate Collection Set: 0.2ms
[2024-02-02T16:34:52.160+0100][gc,phases   ] GC(1)   Other: 0.0ms
[2024-02-02T16:34:52.160+0100][gc,heap     ] GC(1) Eden regions: 11->0(49)
[2024-02-02T16:34:52.160+0100][gc,heap     ] GC(1) Survivor regions: 7->2(7)
[2024-02-02T16:34:52.160+0100][gc,heap     ] GC(1) Old regions: 3->10
[2024-02-02T16:34:52.160+0100][gc,heap     ] GC(1) Humongous regions: 0->0
[2024-02-02T16:34:52.160+0100][gc,metaspace] GC(1) Metaspace: 21291K(21504K)->21291K(21504K) NonClass: 18804K(18880K)->18804K(18880K) Class: 2486K(2624K)->2486K(2624K)
[2024-02-02T16:34:52.160+0100][gc          ] GC(1) Pause Young (Concurrent Start) (Metadata GC Threshold) 19M->9M(1024M) 2.420ms
[2024-02-02T16:34:52.160+0100][gc          ] GC(2) Concurrent Mark Cycle
[2024-02-02T16:34:52.160+0100][gc,cpu      ] GC(1) User=0.02s Sys=0.01s Real=0.01s
[2024-02-02T16:34:52.160+0100][gc,marking  ] GC(2) Concurrent Scan Root Regions
[2024-02-02T16:34:52.162+0100][gc,marking  ] GC(2) Concurrent Scan Root Regions 1.426ms
[2024-02-02T16:34:52.162+0100][gc,marking  ] GC(2) Concurrent Mark
[2024-02-02T16:34:52.162+0100][gc,marking  ] GC(2) Concurrent Mark From Roots
[2024-02-02T16:34:52.162+0100][gc,task     ] GC(2) Using 2 workers of 2 for marking
[2024-02-02T16:34:52.162+0100][gc,marking  ] GC(2) Concurrent Mark From Roots 0.835ms
[2024-02-02T16:34:52.162+0100][gc,marking  ] GC(2) Concurrent Preclean
[2024-02-02T16:34:52.162+0100][gc,marking  ] GC(2) Concurrent Preclean 0.006ms
[2024-02-02T16:34:52.163+0100][gc,start    ] GC(2) Pause Remark
[2024-02-02T16:34:52.164+0100][gc          ] GC(2) Pause Remark 10M->10M(1024M) 0.965ms
[2024-02-02T16:34:52.164+0100][gc,cpu      ] GC(2) User=0.01s Sys=0.00s Real=0.00s
[2024-02-02T16:34:52.164+0100][gc,marking  ] GC(2) Concurrent Mark 2.104ms
[2024-02-02T16:34:52.164+0100][gc,marking  ] GC(2) Concurrent Rebuild Remembered Sets and Scrub Regions
[2024-02-02T16:34:52.165+0100][gc,marking  ] GC(2) Concurrent Rebuild Remembered Sets and Scrub Regions 1.355ms
[2024-02-02T16:34:52.165+0100][gc,start    ] GC(2) Pause Cleanup
[2024-02-02T16:34:52.165+0100][gc          ] GC(2) Pause Cleanup 11M->11M(1024M) 0.092ms
[2024-02-02T16:34:52.165+0100][gc,cpu      ] GC(2) User=0.00s Sys=0.00s Real=0.00s
[2024-02-02T16:34:52.165+0100][gc,marking  ] GC(2) Concurrent Clear Claimed Marks
[2024-02-02T16:34:52.165+0100][gc,marking  ] GC(2) Concurrent Clear Claimed Marks 0.011ms
[2024-02-02T16:34:52.165+0100][gc,marking  ] GC(2) Concurrent Cleanup for Next Mark
[2024-02-02T16:34:52.167+0100][gc,marking  ] GC(2) Concurrent Cleanup for Next Mark 1.609ms
[2024-02-02T16:34:52.167+0100][gc          ] GC(2) Concurrent Mark Cycle 6.732ms
[2024-02-02T16:34:52.614+0100][gc,start    ] GC(3) Pause Young (Prepare Mixed) (G1 Evacuation Pause)
[2024-02-02T16:34:52.614+0100][gc,task     ] GC(3) Using 9 workers of 9 for evacuation
[2024-02-02T16:34:52.616+0100][gc,phases   ] GC(3)   Pre Evacuate Collection Set: 0.1ms
[2024-02-02T16:34:52.616+0100][gc,phases   ] GC(3)   Merge Heap Roots: 0.0ms
[2024-02-02T16:34:52.616+0100][gc,phases   ] GC(3)   Evacuate Collection Set: 1.8ms
[2024-02-02T16:34:52.616+0100][gc,phases   ] GC(3)   Post Evacuate Collection Set: 0.3ms
[2024-02-02T16:34:52.616+0100][gc,phases   ] GC(3)   Other: 0.0ms
[2024-02-02T16:34:52.616+0100][gc,heap     ] GC(3) Eden regions: 49->0(44)
[2024-02-02T16:34:52.616+0100][gc,heap     ] GC(3) Survivor regions: 2->7(7)
[2024-02-02T16:34:52.616+0100][gc,heap     ] GC(3) Old regions: 10->10
[2024-02-02T16:34:52.616+0100][gc,heap     ] GC(3) Humongous regions: 129->129
[2024-02-02T16:34:52.616+0100][gc,metaspace] GC(3) Metaspace: 31508K(31872K)->31508K(31872K) NonClass: 27997K(28160K)->27997K(28160K) Class: 3511K(3712K)->3511K(3712K)
[2024-02-02T16:34:52.616+0100][gc          ] GC(3) Pause Young (Prepare Mixed) (G1 Evacuation Pause) 187M->144M(1024M) 2.398ms
[2024-02-02T16:34:52.616+0100][gc,cpu      ] GC(3) User=0.02s Sys=0.00s Real=0.00s
[2024-02-02T16:34:52.715+0100][gc,start    ] GC(4) Pause Young (Mixed) (Metadata GC Threshold)
[2024-02-02T16:34:52.715+0100][gc,task     ] GC(4) Using 9 workers of 9 for evacuation
[2024-02-02T16:34:52.718+0100][gc,phases   ] GC(4)   Pre Evacuate Collection Set: 0.1ms
[2024-02-02T16:34:52.718+0100][gc,phases   ] GC(4)   Merge Heap Roots: 0.0ms
[2024-02-02T16:34:52.718+0100][gc,phases   ] GC(4)   Evacuate Collection Set: 2.2ms
[2024-02-02T16:34:52.718+0100][gc,phases   ] GC(4)   Post Evacuate Collection Set: 0.2ms
[2024-02-02T16:34:52.718+0100][gc,phases   ] GC(4)   Other: 0.0ms
[2024-02-02T16:34:52.718+0100][gc,heap     ] GC(4) Eden regions: 17->0(49)
[2024-02-02T16:34:52.718+0100][gc,heap     ] GC(4) Survivor regions: 7->2(7)
[2024-02-02T16:34:52.718+0100][gc,heap     ] GC(4) Old regions: 10->15
[2024-02-02T16:34:52.718+0100][gc,heap     ] GC(4) Humongous regions: 129->129
[2024-02-02T16:34:52.718+0100][gc,metaspace] GC(4) Metaspace: 35811K(36160K)->35811K(36160K) NonClass: 31884K(32064K)->31884K(32064K) Class: 3927K(4096K)->3927K(4096K)
[2024-02-02T16:34:52.718+0100][gc          ] GC(4) Pause Young (Mixed) (Metadata GC Threshold) 160M->145M(1024M) 2.762ms
[2024-02-02T16:34:52.718+0100][gc,cpu      ] GC(4) User=0.02s Sys=0.01s Real=0.00s
[2024-02-02T16:34:52.730+0100][gc,start    ] GC(5) Pause Young (Concurrent Start) (Metadata GC Threshold)
[2024-02-02T16:34:52.730+0100][gc,task     ] GC(5) Using 9 workers of 9 for evacuation
[2024-02-02T16:34:52.731+0100][gc,phases   ] GC(5)   Pre Evacuate Collection Set: 0.3ms
[2024-02-02T16:34:52.731+0100][gc,phases   ] GC(5)   Merge Heap Roots: 0.0ms
[2024-02-02T16:34:52.731+0100][gc,phases   ] GC(5)   Evacuate Collection Set: 0.8ms
[2024-02-02T16:34:52.731+0100][gc,phases   ] GC(5)   Post Evacuate Collection Set: 0.2ms
[2024-02-02T16:34:52.731+0100][gc,phases   ] GC(5)   Other: 0.0ms
[2024-02-02T16:34:52.731+0100][gc,heap     ] GC(5) Eden regions: 3->0(49)
[2024-02-02T16:34:52.731+0100][gc,heap     ] GC(5) Survivor regions: 2->2(7)
[2024-02-02T16:34:52.731+0100][gc,heap     ] GC(5) Old regions: 15->15
[2024-02-02T16:34:52.731+0100][gc,heap     ] GC(5) Humongous regions: 129->129
[2024-02-02T16:34:52.731+0100][gc,metaspace] GC(5) Metaspace: 36162K(36480K)->36162K(36480K) NonClass: 32161K(32320K)->32161K(32320K) Class: 4000K(4160K)->4000K(4160K)
[2024-02-02T16:34:52.731+0100][gc          ] GC(5) Pause Young (Concurrent Start) (Metadata GC Threshold) 148M->145M(1024M) 1.444ms
[2024-02-02T16:34:52.731+0100][gc,cpu      ] GC(5) User=0.01s Sys=0.00s Real=0.00s
[2024-02-02T16:34:52.731+0100][gc          ] GC(6) Concurrent Mark Cycle
[2024-02-02T16:34:52.731+0100][gc,marking  ] GC(6) Concurrent Scan Root Regions
[2024-02-02T16:34:52.732+0100][gc,marking  ] GC(6) Concurrent Scan Root Regions 0.743ms
[2024-02-02T16:34:52.732+0100][gc,marking  ] GC(6) Concurrent Mark
[2024-02-02T16:34:52.732+0100][gc,marking  ] GC(6) Concurrent Mark From Roots
[2024-02-02T16:34:52.732+0100][gc,task     ] GC(6) Using 2 workers of 2 for marking
[2024-02-02T16:34:52.739+0100][gc,marking  ] GC(6) Concurrent Mark From Roots 6.734ms
[2024-02-02T16:34:52.739+0100][gc,marking  ] GC(6) Concurrent Preclean
[2024-02-02T16:34:52.739+0100][gc,marking  ] GC(6) Concurrent Preclean 0.036ms
[2024-02-02T16:34:52.739+0100][gc,start    ] GC(6) Pause Remark
[2024-02-02T16:34:52.740+0100][gc          ] GC(6) Pause Remark 146M->146M(1024M) 1.245ms
[2024-02-02T16:34:52.740+0100][gc,cpu      ] GC(6) User=0.01s Sys=0.00s Real=0.01s
[2024-02-02T16:34:52.740+0100][gc,marking  ] GC(6) Concurrent Mark 8.209ms
[2024-02-02T16:34:52.740+0100][gc,marking  ] GC(6) Concurrent Rebuild Remembered Sets and Scrub Regions
[2024-02-02T16:34:52.745+0100][gc,marking  ] GC(6) Concurrent Rebuild Remembered Sets and Scrub Regions 4.313ms
[2024-02-02T16:34:52.748+0100][gc,start    ] GC(6) Pause Cleanup
[2024-02-02T16:34:52.748+0100][gc          ] GC(6) Pause Cleanup 146M->146M(1024M) 0.106ms
[2024-02-02T16:34:52.748+0100][gc,cpu      ] GC(6) User=0.00s Sys=0.00s Real=0.00s
[2024-02-02T16:34:52.748+0100][gc,marking  ] GC(6) Concurrent Clear Claimed Marks
[2024-02-02T16:34:52.748+0100][gc,marking  ] GC(6) Concurrent Clear Claimed Marks 0.031ms
[2024-02-02T16:34:52.748+0100][gc,marking  ] GC(6) Concurrent Cleanup for Next Mark
[2024-02-02T16:34:52.749+0100][gc,marking  ] GC(6) Concurrent Cleanup for Next Mark 0.726ms
[2024-02-02T16:34:52.749+0100][gc          ] GC(6) Concurrent Mark Cycle 17.677ms
[2024-02-02T16:39:09.052+0100][gc,start    ] GC(7) Pause Young (Prepare Mixed) (G1 Evacuation Pause)
[2024-02-02T16:39:09.052+0100][gc,task     ] GC(7) Using 9 workers of 9 for evacuation
[2024-02-02T16:39:09.068+0100][gc,phases   ] GC(7)   Pre Evacuate Collection Set: 0.6ms
[2024-02-02T16:39:09.068+0100][gc,phases   ] GC(7)   Merge Heap Roots: 0.2ms
[2024-02-02T16:39:09.068+0100][gc,phases   ] GC(7)   Evacuate Collection Set: 13.5ms
[2024-02-02T16:39:09.068+0100][gc,phases   ] GC(7)   Post Evacuate Collection Set: 0.6ms
[2024-02-02T16:39:09.068+0100][gc,phases   ] GC(7)   Other: 0.1ms
[2024-02-02T16:39:09.068+0100][gc,heap     ] GC(7) Eden regions: 49->0(45)
[2024-02-02T16:39:09.068+0100][gc,heap     ] GC(7) Survivor regions: 2->6(7)
[2024-02-02T16:39:09.068+0100][gc,heap     ] GC(7) Old regions: 15->15
[2024-02-02T16:39:09.068+0100][gc,heap     ] GC(7) Humongous regions: 135->129
[2024-02-02T16:39:09.068+0100][gc,metaspace] GC(7) Metaspace: 41909K(42560K)->41909K(42560K) NonClass: 37020K(37376K)->37020K(37376K) Class: 4889K(5184K)->4889K(5184K)
[2024-02-02T16:39:09.068+0100][gc          ] GC(7) Pause Young (Prepare Mixed) (G1 Evacuation Pause) 200M->149M(1024M) 16.156ms
[2024-02-02T16:39:09.068+0100][gc,cpu      ] GC(7) User=0.04s Sys=0.00s Real=0.01s
[2024-02-02T16:48:16.104+0100][gc,start    ] GC(8) Pause Young (Mixed) (G1 Evacuation Pause)
[2024-02-02T16:48:16.104+0100][gc,task     ] GC(8) Using 9 workers of 9 for evacuation
[2024-02-02T16:48:16.109+0100][gc,phases   ] GC(8)   Pre Evacuate Collection Set: 0.4ms
[2024-02-02T16:48:16.109+0100][gc,phases   ] GC(8)   Merge Heap Roots: 0.1ms
[2024-02-02T16:48:16.109+0100][gc,phases   ] GC(8)   Evacuate Collection Set: 3.5ms
[2024-02-02T16:48:16.109+0100][gc,phases   ] GC(8)   Post Evacuate Collection Set: 0.2ms
[2024-02-02T16:48:16.109+0100][gc,phases   ] GC(8)   Other: 0.1ms
[2024-02-02T16:48:16.109+0100][gc,heap     ] GC(8) Eden regions: 45->0(48)
[2024-02-02T16:48:16.109+0100][gc,heap     ] GC(8) Survivor regions: 6->3(7)
[2024-02-02T16:48:16.109+0100][gc,heap     ] GC(8) Old regions: 15->18
[2024-02-02T16:48:16.109+0100][gc,heap     ] GC(8) Humongous regions: 129->129
[2024-02-02T16:48:16.109+0100][gc,metaspace] GC(8) Metaspace: 42429K(43136K)->42429K(43136K) NonClass: 37448K(37888K)->37448K(37888K) Class: 4981K(5248K)->4981K(5248K)
[2024-02-02T16:48:16.109+0100][gc          ] GC(8) Pause Young (Mixed) (G1 Evacuation Pause) 194M->148M(1024M) 4.748ms
[2024-02-02T16:48:16.109+0100][gc,cpu      ] GC(8) User=0.02s Sys=0.01s Real=0.00s
[2024-02-02T16:48:17.296+0100][gc,heap,exit] Heap
[2024-02-02T16:48:17.296+0100][gc,heap,exit]  garbage-first heap   total 1048576K, used 161729K [0x00000007c0000000, 0x0000000800000000)
[2024-02-02T16:48:17.296+0100][gc,heap,exit]   region size 1024K, 12 young (12288K), 3 survivors (3072K)
[2024-02-02T16:48:17.296+0100][gc,heap,exit]  Metaspace       used 42879K, committed 43584K, reserved 1114112K
[2024-02-02T16:48:17.296+0100][gc,heap,exit]   class space    used 5094K, committed 5376K, reserved 1048576K
