[2024-02-05T13:23:55.899+0100][gc,init] CardTable entry size: 512
[2024-02-05T13:23:55.899+0100][gc     ] Using G1
[2024-02-05T13:23:55.900+0100][gc,init] Version: 21.0.2+13-LTS (release)
[2024-02-05T13:23:55.900+0100][gc,init] CPUs: 10 total, 10 available
[2024-02-05T13:23:55.900+0100][gc,init] Memory: 16384M
[2024-02-05T13:23:55.900+0100][gc,init] Large Page Support: Disabled
[2024-02-05T13:23:55.900+0100][gc,init] NUMA Support: Disabled
[2024-02-05T13:23:55.900+0100][gc,init] Compressed Oops: Enabled (Zero based)
[2024-02-05T13:23:55.900+0100][gc,init] Heap Region Size: 1M
[2024-02-05T13:23:55.900+0100][gc,init] Heap Min Capacity: 512M
[2024-02-05T13:23:55.900+0100][gc,init] Heap Initial Capacity: 512M
[2024-02-05T13:23:55.900+0100][gc,init] Heap Max Capacity: 512M
[2024-02-05T13:23:55.900+0100][gc,init] Pre-touch: Disabled
[2024-02-05T13:23:55.900+0100][gc,init] Parallel Workers: 9
[2024-02-05T13:23:55.900+0100][gc,init] Concurrent Workers: 2
[2024-02-05T13:23:55.900+0100][gc,init] Concurrent Refinement Workers: 9
[2024-02-05T13:23:55.900+0100][gc,init] Periodic GC: Disabled
[2024-02-05T13:23:55.904+0100][gc,metaspace] CDS archive(s) mapped at: [0x000000a000000000-0x000000a000ca4000-0x000000a000ca4000), size 13254656, SharedBaseAddress: 0x000000a000000000, ArchiveRelocationMode: 1.
[2024-02-05T13:23:55.904+0100][gc,metaspace] Compressed class space mapped at: 0x000000a001000000-0x000000a041000000, reserved size: 1073741824
[2024-02-05T13:23:55.904+0100][gc,metaspace] Narrow klass base: 0x000000a000000000, Narrow klass shift: 0, Narrow klass range: 0x100000000
[2024-02-05T13:23:56.583+0100][gc,start    ] GC(0) Pause Young (Normal) (G1 Evacuation Pause)
[2024-02-05T13:23:56.583+0100][gc,task     ] GC(0) Using 9 workers of 9 for evacuation
[2024-02-05T13:23:56.586+0100][gc,phases   ] GC(0)   Pre Evacuate Collection Set: 0.1ms
[2024-02-05T13:23:56.586+0100][gc,phases   ] GC(0)   Merge Heap Roots: 0.1ms
[2024-02-05T13:23:56.586+0100][gc,phases   ] GC(0)   Evacuate Collection Set: 2.2ms
[2024-02-05T13:23:56.586+0100][gc,phases   ] GC(0)   Post Evacuate Collection Set: 0.3ms
[2024-02-05T13:23:56.586+0100][gc,phases   ] GC(0)   Other: 0.2ms
[2024-02-05T13:23:56.586+0100][gc,heap     ] GC(0) Eden regions: 25->0(21)
[2024-02-05T13:23:56.586+0100][gc,heap     ] GC(0) Survivor regions: 0->4(4)
[2024-02-05T13:23:56.586+0100][gc,heap     ] GC(0) Old regions: 2->6
[2024-02-05T13:23:56.586+0100][gc,heap     ] GC(0) Humongous regions: 0->0
[2024-02-05T13:23:56.586+0100][gc,metaspace] GC(0) Metaspace: 8272K(8576K)->8272K(8576K) NonClass: 7391K(7552K)->7391K(7552K) Class: 881K(1024K)->881K(1024K)
[2024-02-05T13:23:56.586+0100][gc          ] GC(0) Pause Young (Normal) (G1 Evacuation Pause) 26M->8M(512M) 3.402ms
[2024-02-05T13:23:56.586+0100][gc,cpu      ] GC(0) User=0.01s Sys=0.01s Real=0.00s
[2024-02-05T14:09:46.036+0100][gc,heap,exit] Heap
[2024-02-05T14:09:46.036+0100][gc,heap,exit]  garbage-first heap   total 524288K, used 17033K [0x00000007e0000000, 0x0000000800000000)
[2024-02-05T14:09:46.036+0100][gc,heap,exit]   region size 1024K, 13 young (13312K), 4 survivors (4096K)
[2024-02-05T14:09:46.036+0100][gc,heap,exit]  Metaspace       used 9376K, committed 9600K, reserved 1114112K
[2024-02-05T14:09:46.036+0100][gc,heap,exit]   class space    used 980K, committed 1088K, reserved 1048576K
