[2024-02-07T11:20:40.546+0100][gc,init] CardTable entry size: 512
[2024-02-07T11:20:40.546+0100][gc     ] Using G1
[2024-02-07T11:20:40.546+0100][gc,init] Version: 21.0.2+13-LTS (release)
[2024-02-07T11:20:40.546+0100][gc,init] CPUs: 10 total, 10 available
[2024-02-07T11:20:40.546+0100][gc,init] Memory: 16384M
[2024-02-07T11:20:40.546+0100][gc,init] Large Page Support: Disabled
[2024-02-07T11:20:40.546+0100][gc,init] NUMA Support: Disabled
[2024-02-07T11:20:40.546+0100][gc,init] Compressed Oops: Enabled (Zero based)
[2024-02-07T11:20:40.546+0100][gc,init] Heap Region Size: 1M
[2024-02-07T11:20:40.546+0100][gc,init] Heap Min Capacity: 512M
[2024-02-07T11:20:40.546+0100][gc,init] Heap Initial Capacity: 512M
[2024-02-07T11:20:40.546+0100][gc,init] Heap Max Capacity: 512M
[2024-02-07T11:20:40.546+0100][gc,init] Pre-touch: Disabled
[2024-02-07T11:20:40.546+0100][gc,init] Parallel Workers: 9
[2024-02-07T11:20:40.546+0100][gc,init] Concurrent Workers: 2
[2024-02-07T11:20:40.546+0100][gc,init] Concurrent Refinement Workers: 9
[2024-02-07T11:20:40.546+0100][gc,init] Periodic GC: Disabled
[2024-02-07T11:20:40.550+0100][gc,metaspace] CDS archive(s) mapped at: [0x0000000400000000-0x0000000400ca4000-0x0000000400ca4000), size 13254656, SharedBaseAddress: 0x0000000400000000, ArchiveRelocationMode: 1.
[2024-02-07T11:20:40.550+0100][gc,metaspace] Compressed class space mapped at: 0x0000000401000000-0x0000000441000000, reserved size: 1073741824
[2024-02-07T11:20:40.550+0100][gc,metaspace] Narrow klass base: 0x0000000400000000, Narrow klass shift: 0, Narrow klass range: 0x100000000
[2024-02-07T11:20:40.873+0100][gc,heap,exit] Heap
[2024-02-07T11:20:40.873+0100][gc,heap,exit]  garbage-first heap   total 524288K, used 18446K [0x00000007e0000000, 0x0000000800000000)
[2024-02-07T11:20:40.873+0100][gc,heap,exit]   region size 1024K, 18 young (18432K), 0 survivors (0K)
[2024-02-07T11:20:40.873+0100][gc,heap,exit]  Metaspace       used 6729K, committed 6976K, reserved 1114112K
[2024-02-07T11:20:40.873+0100][gc,heap,exit]   class space    used 720K, committed 832K, reserved 1048576K
