[2024-02-07T11:44:34.071+0100][gc,init] CardTable entry size: 512
[2024-02-07T11:44:34.071+0100][gc     ] Using G1
[2024-02-07T11:44:34.072+0100][gc,init] Version: 21.0.2+13-LTS (release)
[2024-02-07T11:44:34.072+0100][gc,init] CPUs: 10 total, 10 available
[2024-02-07T11:44:34.072+0100][gc,init] Memory: 16384M
[2024-02-07T11:44:34.072+0100][gc,init] Large Page Support: Disabled
[2024-02-07T11:44:34.072+0100][gc,init] NUMA Support: Disabled
[2024-02-07T11:44:34.072+0100][gc,init] Compressed Oops: Enabled (Zero based)
[2024-02-07T11:44:34.072+0100][gc,init] Heap Region Size: 1M
[2024-02-07T11:44:34.072+0100][gc,init] Heap Min Capacity: 512M
[2024-02-07T11:44:34.072+0100][gc,init] Heap Initial Capacity: 512M
[2024-02-07T11:44:34.072+0100][gc,init] Heap Max Capacity: 512M
[2024-02-07T11:44:34.072+0100][gc,init] Pre-touch: Disabled
[2024-02-07T11:44:34.072+0100][gc,init] Parallel Workers: 9
[2024-02-07T11:44:34.072+0100][gc,init] Concurrent Workers: 2
[2024-02-07T11:44:34.072+0100][gc,init] Concurrent Refinement Workers: 9
[2024-02-07T11:44:34.072+0100][gc,init] Periodic GC: Disabled
[2024-02-07T11:44:34.076+0100][gc,metaspace] CDS archive(s) mapped at: [0x0000000600000000-0x0000000600ca4000-0x0000000600ca4000), size 13254656, SharedBaseAddress: 0x0000000600000000, ArchiveRelocationMode: 1.
[2024-02-07T11:44:34.076+0100][gc,metaspace] Compressed class space mapped at: 0x0000000601000000-0x0000000641000000, reserved size: 1073741824
[2024-02-07T11:44:34.076+0100][gc,metaspace] Narrow klass base: 0x0000000600000000, Narrow klass shift: 0, Narrow klass range: 0x100000000
[2024-02-07T11:44:34.582+0100][gc,start    ] GC(0) Pause Young (Normal) (G1 Evacuation Pause)
[2024-02-07T11:44:34.582+0100][gc,task     ] GC(0) Using 9 workers of 9 for evacuation
[2024-02-07T11:44:34.585+0100][gc,phases   ] GC(0)   Pre Evacuate Collection Set: 0.1ms
[2024-02-07T11:44:34.585+0100][gc,phases   ] GC(0)   Merge Heap Roots: 0.0ms
[2024-02-07T11:44:34.585+0100][gc,phases   ] GC(0)   Evacuate Collection Set: 2.3ms
[2024-02-07T11:44:34.585+0100][gc,phases   ] GC(0)   Post Evacuate Collection Set: 0.3ms
[2024-02-07T11:44:34.585+0100][gc,phases   ] GC(0)   Other: 0.3ms
[2024-02-07T11:44:34.585+0100][gc,heap     ] GC(0) Eden regions: 25->0(21)
[2024-02-07T11:44:34.585+0100][gc,heap     ] GC(0) Survivor regions: 0->4(4)
[2024-02-07T11:44:34.585+0100][gc,heap     ] GC(0) Old regions: 2->6
[2024-02-07T11:44:34.585+0100][gc,heap     ] GC(0) Humongous regions: 0->0
[2024-02-07T11:44:34.585+0100][gc,metaspace] GC(0) Metaspace: 8275K(8512K)->8275K(8512K) NonClass: 7390K(7488K)->7390K(7488K) Class: 884K(1024K)->884K(1024K)
[2024-02-07T11:44:34.585+0100][gc          ] GC(0) Pause Young (Normal) (G1 Evacuation Pause) 26M->8M(512M) 3.324ms
[2024-02-07T11:44:34.585+0100][gc,cpu      ] GC(0) User=0.02s Sys=0.00s Real=0.00s
[2024-02-07T11:58:44.917+0100][gc,heap,exit] Heap
[2024-02-07T11:58:44.917+0100][gc,heap,exit]  garbage-first heap   total 524288K, used 15102K [0x00000007e0000000, 0x0000000800000000)
[2024-02-07T11:58:44.917+0100][gc,heap,exit]   region size 1024K, 11 young (11264K), 4 survivors (4096K)
[2024-02-07T11:58:44.917+0100][gc,heap,exit]  Metaspace       used 9183K, committed 9408K, reserved 1114112K
[2024-02-07T11:58:44.917+0100][gc,heap,exit]   class space    used 980K, committed 1088K, reserved 1048576K
